Archive member included to satisfy reference by file (symbol)

c:/program files/microchip/xc32/v2.40/bin/bin/../../lib/gcc/pic32c/6.2.1/../../../../pic32c/lib/v8-m.base\libpic32c.a(data_init.o)
                              build/default/production/_ext/1171490990/startup_xc32.o (__pic32c_data_initialization)
c:/program files/microchip/xc32/v2.40/bin/bin/../../lib/gcc/pic32c/6.2.1/v8-m.base\libgcc.a(cmse_nonsecure_call.o)
                              build/default/production/_ext/1360937237/main.o (__gnu_cmse_nonsecure_call)
c:/program files/microchip/xc32/v2.40/bin/bin/../../lib/gcc/pic32c/6.2.1/v8-m.base\libgcc.a(_aeabi_uldivmod.o)
                              build/default/production/_ext/504274921/plib_sercom0_usart.o (__aeabi_uldivmod)
c:/program files/microchip/xc32/v2.40/bin/bin/../../lib/gcc/pic32c/6.2.1/v8-m.base\libgcc.a(_muldi3.o)
                              build/default/production/_ext/504274921/plib_sercom0_usart.o (__aeabi_lmul)
c:/program files/microchip/xc32/v2.40/bin/bin/../../lib/gcc/pic32c/6.2.1/v8-m.base\libgcc.a(_udivmoddi4.o)
                              c:/program files/microchip/xc32/v2.40/bin/bin/../../lib/gcc/pic32c/6.2.1/v8-m.base\libgcc.a(_aeabi_uldivmod.o) (__udivmoddi4)
c:/program files/microchip/xc32/v2.40/bin/bin/../../lib/gcc/pic32c/6.2.1/v8-m.base\libgcc.a(_dvmd_tls.o)
                              c:/program files/microchip/xc32/v2.40/bin/bin/../../lib/gcc/pic32c/6.2.1/v8-m.base\libgcc.a(_aeabi_uldivmod.o) (__aeabi_ldiv0)
c:/program files/microchip/xc32/v2.40/bin/bin/../../lib/gcc/pic32c/6.2.1/v8-m.base\libgcc.a(_clzsi2.o)
                              c:/program files/microchip/xc32/v2.40/bin/bin/../../lib/gcc/pic32c/6.2.1/v8-m.base\libgcc.a(_udivmoddi4.o) (__clzsi2)
c:/program files/microchip/xc32/v2.40/bin/bin/../../lib/gcc/pic32c/6.2.1/../../../../pic32c/lib/v8-m.base\libc_nano.a(lib_a-init.o)
                              build/default/production/_ext/1171490990/startup_xc32.o (__libc_init_array)
c:/program files/microchip/xc32/v2.40/bin/bin/../../lib/gcc/pic32c/6.2.1/../../../../pic32c/lib/v8-m.base\libc_nano.a(lib_a-memcpy-stub.o)
                              build/default/production/_ext/1593096446/plib_nvmctrl.o (memcpy)

Allocating common symbols
Common symbol       size              file

systick             0xc               build/default/production/_ext/1827571544/plib_systick.o

Microchip PIC32 Memory-Usage Report

ROM Program-Memory Usage
section                    address  length [bytes]      (dec)  Description
-------                 ----------  -------------------------  -----------
.vectors                         0           0xf4         244   
.text                         0xf4           0x20          32  App's exec code 
.text.CLOCK_Initialize       0x114           0xa4         164   
.text.__pic32c_data_ini      0x1b8           0x88         136   
.text.Reset_Handler          0x240           0x50          80   
.text.__libc_init_array      0x290           0x48          72   
.text.main                   0x2d8           0x44          68   
.text                        0x31c           0x40          64  App's exec code 
.text.SERCOM0_USART_Ini      0x35c           0x38          56   
.text                        0x394           0x32          50  App's exec code 
.text.EVSYS_Initialize       0x3c6            0x2           2   
.text.SYS_Initialize         0x3c8           0x30          48   
.text.PM_Initialize          0x3f8           0x24          36   
.text.PORT_Initialize        0x41c           0x24          36   
.text.SYSTICK_TimerInit      0x440           0x24          36   
.dinit                       0x464           0x20          32   
.text.SysTick_Handler        0x484           0x1c          28   
.text.secure_add             0x4a0           0x1a          26   
.text.Dummy_Handler          0x4ba            0x2           2   
.text.SYSTICK_TimerStar      0x4bc           0x14          20   
.text.NVMCTRL_Initializ      0x4d0           0x10          16   
.text.SystemTick_Callba      0x4e0            0xc          12   
.text.SYSTICK_TimerCall      0x4ec            0xc          12   
.text.NVIC_Initialize        0x4f8            0x8           8   
.text.add                    0x500            0x4           4   
.text.NonMaskableInt_Ha      0x504            0x2           2   
.text.HardFault_Handler      0x506            0x2           2   
.gnu.sgstubs                0x7e00            0x8           8   
      Total ROM used  :       0x510        1296  4.0% of 0x8000
        --------------------------------------------------------------------------
         Total Program Memory used  :       0x510        1296  4.0% of 0x8000
        --------------------------------------------------------------------------


RAM Data-Memory Usage
section                    address  length [bytes]      (dec)  Description
-------                 ----------  -------------------------  -----------
.bss                    0x20000000            0xc          12  Uninitialized data 
.bss                    0x2000000c           0x1c          28  Uninitialized data 
         Total RAM used  :        0x28          40  0.5% of 0x2000
        --------------------------------------------------------------------------
            Total Data Memory used  :        0x28          40  0.5% of 0x2000
        --------------------------------------------------------------------------


Dynamic Data-Memory Reservation
section                    address  length [bytes]      (dec)  Description
-------                 ----------  -------------------------  -----------
heap                    0x20000030              0           0  Reserved for heap 
stack                   0x20000048         0x1fb0        8112  Reserved for stack 

        --------------------------------------------------------------------------

Discarded input sections

 .text          0x00000000        0x0 c:/program files/microchip/xc32/v2.40/bin/bin/../../lib/gcc/pic32c/6.2.1/v8-m.base/crti.o
 .data          0x00000000        0x0 c:/program files/microchip/xc32/v2.40/bin/bin/../../lib/gcc/pic32c/6.2.1/v8-m.base/crti.o
 .bss           0x00000000        0x0 c:/program files/microchip/xc32/v2.40/bin/bin/../../lib/gcc/pic32c/6.2.1/v8-m.base/crti.o
 .data          0x00000000        0x4 c:/program files/microchip/xc32/v2.40/bin/bin/../../lib/gcc/pic32c/6.2.1/v8-m.base/crtbegin.o
 .text          0x00000000        0x0 build/default/production/_ext/1593096446/plib_nvmctrl.o
 .data          0x00000000        0x0 build/default/production/_ext/1593096446/plib_nvmctrl.o
 .bss           0x00000000        0x0 build/default/production/_ext/1593096446/plib_nvmctrl.o
 .text.NVMCTRL_CacheInvalidate
                0x00000000       0x10 build/default/production/_ext/1593096446/plib_nvmctrl.o
 .text.NVMCTRL_Read
                0x00000000       0x10 build/default/production/_ext/1593096446/plib_nvmctrl.o
 .text.NVMCTRL_PageWrite
                0x00000000       0x3c build/default/production/_ext/1593096446/plib_nvmctrl.o
 .text.NVMCTRL_RowErase
                0x00000000       0x2c build/default/production/_ext/1593096446/plib_nvmctrl.o
 .text.NVMCTRL_ErrorGet
                0x00000000       0x10 build/default/production/_ext/1593096446/plib_nvmctrl.o
 .text.NVMCTRL_IsBusy
                0x00000000       0x14 build/default/production/_ext/1593096446/plib_nvmctrl.o
 .text.NVMCTRL_RegionLock
                0x00000000       0x14 build/default/production/_ext/1593096446/plib_nvmctrl.o
 .text.NVMCTRL_RegionUnlock
                0x00000000       0x1c build/default/production/_ext/1593096446/plib_nvmctrl.o
 .text          0x00000000        0x0 build/default/production/_ext/1986646378/plib_evsys.o
 .data          0x00000000        0x0 build/default/production/_ext/1986646378/plib_evsys.o
 .bss           0x00000000        0x0 build/default/production/_ext/1986646378/plib_evsys.o
 .text          0x00000000        0x0 build/default/production/_ext/504274921/plib_sercom0_usart.o
 .data          0x00000000        0x0 build/default/production/_ext/504274921/plib_sercom0_usart.o
 .bss           0x00000000        0x0 build/default/production/_ext/504274921/plib_sercom0_usart.o
 .text.SERCOM0_USART_FrequencyGet
                0x00000000        0x8 build/default/production/_ext/504274921/plib_sercom0_usart.o
 .text.SERCOM0_USART_SerialSetup
                0x00000000       0xfc build/default/production/_ext/504274921/plib_sercom0_usart.o
 .text.SERCOM0_USART_ErrorGet
                0x00000000       0x30 build/default/production/_ext/504274921/plib_sercom0_usart.o
 .text.SERCOM0_USART_Write
                0x00000000       0x30 build/default/production/_ext/504274921/plib_sercom0_usart.o
 .text.SERCOM0_USART_TransmitterIsReady
                0x00000000       0x10 build/default/production/_ext/504274921/plib_sercom0_usart.o
 .text.SERCOM0_USART_TransmitComplete
                0x00000000       0x10 build/default/production/_ext/504274921/plib_sercom0_usart.o
 .text.SERCOM0_USART_WriteByte
                0x00000000       0x18 build/default/production/_ext/504274921/plib_sercom0_usart.o
 .text.SERCOM0_USART_Read
                0x00000000       0x3c build/default/production/_ext/504274921/plib_sercom0_usart.o
 .text.SERCOM0_USART_ReceiverIsReady
                0x00000000       0x10 build/default/production/_ext/504274921/plib_sercom0_usart.o
 .text.SERCOM0_USART_ReadByte
                0x00000000        0xc build/default/production/_ext/504274921/plib_sercom0_usart.o
 .text          0x00000000        0x0 build/default/production/_ext/829342769/plib_pm.o
 .data          0x00000000        0x0 build/default/production/_ext/829342769/plib_pm.o
 .bss           0x00000000        0x0 build/default/production/_ext/829342769/plib_pm.o
 .text.PM_IdleModeEnter
                0x00000000       0x18 build/default/production/_ext/829342769/plib_pm.o
 .text.PM_StandbyModeEnter
                0x00000000       0x18 build/default/production/_ext/829342769/plib_pm.o
 .text.PM_OffModeEnter
                0x00000000       0x18 build/default/production/_ext/829342769/plib_pm.o
 .text.PM_ConfigurePerformanceLevel
                0x00000000       0x3c build/default/production/_ext/829342769/plib_pm.o
 .text          0x00000000        0x0 build/default/production/_ext/1171490990/interrupts.o
 .data          0x00000000        0x0 build/default/production/_ext/1171490990/interrupts.o
 .bss           0x00000000        0x0 build/default/production/_ext/1171490990/interrupts.o
 .text          0x00000000        0x0 build/default/production/_ext/1171490990/initialization.o
 .data          0x00000000        0x0 build/default/production/_ext/1171490990/initialization.o
 .bss           0x00000000        0x0 build/default/production/_ext/1171490990/initialization.o
 .text          0x00000000        0x0 build/default/production/_ext/1360937237/main.o
 .data          0x00000000        0x0 build/default/production/_ext/1360937237/main.o
 .bss           0x00000000        0x0 build/default/production/_ext/1360937237/main.o
 .text          0x00000000        0x0 build/default/production/_ext/1903470166/veneer.o
 .data          0x00000000        0x0 build/default/production/_ext/1903470166/veneer.o
 .bss           0x00000000        0x0 build/default/production/_ext/1903470166/veneer.o
 .debug_info    0x00000000      0x293 build/default/production/_ext/1903470166/veneer.o
 .debug_abbrev  0x00000000       0x75 build/default/production/_ext/1903470166/veneer.o
 .debug_loc     0x00000000       0x62 build/default/production/_ext/1903470166/veneer.o
 .debug_aranges
                0x00000000       0x20 build/default/production/_ext/1903470166/veneer.o
 .debug_ranges  0x00000000       0x10 build/default/production/_ext/1903470166/veneer.o
 .debug_line    0x00000000       0x57 build/default/production/_ext/1903470166/veneer.o
 .debug_str     0x00000000        0x0 build/default/production/_ext/1903470166/veneer.o
 .comment       0x00000000       0x3d build/default/production/_ext/1903470166/veneer.o
 .debug_frame   0x00000000       0x28 build/default/production/_ext/1903470166/veneer.o
 .ARM.attributes
                0x00000000       0x32 build/default/production/_ext/1903470166/veneer.o
 .text          0x00000000        0x0 build/default/production/_ext/1903470166/secure.o
 .data          0x00000000        0x0 build/default/production/_ext/1903470166/secure.o
 .bss           0x00000000        0x0 build/default/production/_ext/1903470166/secure.o
 .debug_info    0x00000000      0xe46 build/default/production/_ext/1903470166/secure.o
 .debug_abbrev  0x00000000      0x19e build/default/production/_ext/1903470166/secure.o
 .debug_loc     0x00000000       0x21 build/default/production/_ext/1903470166/secure.o
 .debug_aranges
                0x00000000       0x20 build/default/production/_ext/1903470166/secure.o
 .debug_ranges  0x00000000       0x10 build/default/production/_ext/1903470166/secure.o
 .debug_line    0x00000000       0xf4 build/default/production/_ext/1903470166/secure.o
 .debug_str     0x00000000        0xe build/default/production/_ext/1903470166/secure.o
 .comment       0x00000000       0x3d build/default/production/_ext/1903470166/secure.o
 .debug_frame   0x00000000       0x20 build/default/production/_ext/1903470166/secure.o
 .ARM.attributes
                0x00000000       0x32 build/default/production/_ext/1903470166/secure.o
 .text          0x00000000        0x0 build/default/production/_ext/163028504/xc32_monitor.o
 .data          0x00000000        0x0 build/default/production/_ext/163028504/xc32_monitor.o
 .bss           0x00000000        0x0 build/default/production/_ext/163028504/xc32_monitor.o
 .text._mon_getc
                0x00000000       0x1a build/default/production/_ext/163028504/xc32_monitor.o
 .text._mon_putc
                0x00000000       0x1a build/default/production/_ext/163028504/xc32_monitor.o
 .debug_info    0x00000000      0xf11 build/default/production/_ext/163028504/xc32_monitor.o
 .debug_abbrev  0x00000000      0x1f9 build/default/production/_ext/163028504/xc32_monitor.o
 .debug_loc     0x00000000       0x9f build/default/production/_ext/163028504/xc32_monitor.o
 .debug_aranges
                0x00000000       0x28 build/default/production/_ext/163028504/xc32_monitor.o
 .debug_ranges  0x00000000       0x18 build/default/production/_ext/163028504/xc32_monitor.o
 .debug_line    0x00000000      0x1bd build/default/production/_ext/163028504/xc32_monitor.o
 .debug_str     0x00000000       0x35 build/default/production/_ext/163028504/xc32_monitor.o
 .comment       0x00000000       0x3d build/default/production/_ext/163028504/xc32_monitor.o
 .debug_frame   0x00000000       0x40 build/default/production/_ext/163028504/xc32_monitor.o
 .ARM.attributes
                0x00000000       0x32 build/default/production/_ext/163028504/xc32_monitor.o
 .text          0x00000000        0x0 build/default/production/_ext/1171490990/exceptions.o
 .data          0x00000000        0x0 build/default/production/_ext/1171490990/exceptions.o
 .bss           0x00000000        0x0 build/default/production/_ext/1171490990/exceptions.o
 .text.DebugMonitor_Handler
                0x00000000        0x2 build/default/production/_ext/1171490990/exceptions.o
 .text.MemoryManagement_Handler
                0x00000000        0x2 build/default/production/_ext/1171490990/exceptions.o
 .text.BusFault_Handler
                0x00000000        0x2 build/default/production/_ext/1171490990/exceptions.o
 .text.UsageFault_Handler
                0x00000000        0x2 build/default/production/_ext/1171490990/exceptions.o
 .text          0x00000000        0x0 build/default/production/_ext/1865521619/plib_port.o
 .data          0x00000000        0x0 build/default/production/_ext/1865521619/plib_port.o
 .bss           0x00000000        0x0 build/default/production/_ext/1865521619/plib_port.o
 .text.PORT_GroupRead
                0x00000000        0x4 build/default/production/_ext/1865521619/plib_port.o
 .text.PORT_GroupWrite
                0x00000000        0xc build/default/production/_ext/1865521619/plib_port.o
 .text.PORT_GroupLatchRead
                0x00000000        0x4 build/default/production/_ext/1865521619/plib_port.o
 .text.PORT_GroupSet
                0x00000000        0x4 build/default/production/_ext/1865521619/plib_port.o
 .text.PORT_GroupClear
                0x00000000        0x4 build/default/production/_ext/1865521619/plib_port.o
 .text.PORT_GroupToggle
                0x00000000        0x4 build/default/production/_ext/1865521619/plib_port.o
 .text.PORT_GroupInputEnable
                0x00000000        0x4 build/default/production/_ext/1865521619/plib_port.o
 .text.PORT_GroupOutputEnable
                0x00000000        0x4 build/default/production/_ext/1865521619/plib_port.o
 .text          0x00000000        0x0 build/default/production/_ext/1984496892/plib_clock.o
 .data          0x00000000        0x0 build/default/production/_ext/1984496892/plib_clock.o
 .bss           0x00000000        0x0 build/default/production/_ext/1984496892/plib_clock.o
 .text          0x00000000        0x0 build/default/production/_ext/1865468468/plib_nvic.o
 .data          0x00000000        0x0 build/default/production/_ext/1865468468/plib_nvic.o
 .bss           0x00000000        0x0 build/default/production/_ext/1865468468/plib_nvic.o
 .text          0x00000000        0x0 build/default/production/_ext/1827571544/plib_systick.o
 .data          0x00000000        0x0 build/default/production/_ext/1827571544/plib_systick.o
 .bss           0x00000000        0x0 build/default/production/_ext/1827571544/plib_systick.o
 .text.SYSTICK_TimerRestart
                0x00000000       0x1c build/default/production/_ext/1827571544/plib_systick.o
 .text.SYSTICK_TimerStop
                0x00000000       0x10 build/default/production/_ext/1827571544/plib_systick.o
 .text.SYSTICK_TimerPeriodSet
                0x00000000        0xc build/default/production/_ext/1827571544/plib_systick.o
 .text.SYSTICK_TimerPeriodGet
                0x00000000        0xc build/default/production/_ext/1827571544/plib_systick.o
 .text.SYSTICK_TimerCounterGet
                0x00000000        0xc build/default/production/_ext/1827571544/plib_systick.o
 .text.SYSTICK_TimerFrequencyGet
                0x00000000        0x8 build/default/production/_ext/1827571544/plib_systick.o
 .text.SYSTICK_DelayMs
                0x00000000       0x34 build/default/production/_ext/1827571544/plib_systick.o
 .text          0x00000000        0x0 build/default/production/_ext/1171490990/startup_xc32.o
 .data          0x00000000        0x0 build/default/production/_ext/1171490990/startup_xc32.o
 .bss           0x00000000        0x0 build/default/production/_ext/1171490990/startup_xc32.o
 .text          0x00000000        0x0 build/default/production/_ext/1171490990/libc_syscalls.o
 .data          0x00000000        0x0 build/default/production/_ext/1171490990/libc_syscalls.o
 .bss           0x00000000        0x0 build/default/production/_ext/1171490990/libc_syscalls.o
 .text._exit    0x00000000        0x2 build/default/production/_ext/1171490990/libc_syscalls.o
 .debug_info    0x00000000      0xe87 build/default/production/_ext/1171490990/libc_syscalls.o
 .debug_abbrev  0x00000000      0x1a1 build/default/production/_ext/1171490990/libc_syscalls.o
 .debug_aranges
                0x00000000       0x20 build/default/production/_ext/1171490990/libc_syscalls.o
 .debug_ranges  0x00000000       0x10 build/default/production/_ext/1171490990/libc_syscalls.o
 .debug_line    0x00000000      0x13d build/default/production/_ext/1171490990/libc_syscalls.o
 .debug_str     0x00000000        0xe build/default/production/_ext/1171490990/libc_syscalls.o
 .comment       0x00000000       0x3d build/default/production/_ext/1171490990/libc_syscalls.o
 .debug_frame   0x00000000       0x20 build/default/production/_ext/1171490990/libc_syscalls.o
 .ARM.attributes
                0x00000000       0x32 build/default/production/_ext/1171490990/libc_syscalls.o
 .text          0x00000000        0x0 c:/program files/microchip/xc32/v2.40/bin/bin/../../lib/gcc/pic32c/6.2.1/../../../../pic32c/lib/v8-m.base\libpic32c.a(data_init.o)
 .data          0x00000000        0x0 c:/program files/microchip/xc32/v2.40/bin/bin/../../lib/gcc/pic32c/6.2.1/../../../../pic32c/lib/v8-m.base\libpic32c.a(data_init.o)
 .bss           0x00000000        0x0 c:/program files/microchip/xc32/v2.40/bin/bin/../../lib/gcc/pic32c/6.2.1/../../../../pic32c/lib/v8-m.base\libpic32c.a(data_init.o)
 .data          0x00000000        0x0 c:/program files/microchip/xc32/v2.40/bin/bin/../../lib/gcc/pic32c/6.2.1/v8-m.base\libgcc.a(cmse_nonsecure_call.o)
 .bss           0x00000000        0x0 c:/program files/microchip/xc32/v2.40/bin/bin/../../lib/gcc/pic32c/6.2.1/v8-m.base\libgcc.a(cmse_nonsecure_call.o)
 .text          0x00000000       0x40 c:/program files/microchip/xc32/v2.40/bin/bin/../../lib/gcc/pic32c/6.2.1/v8-m.base\libgcc.a(_aeabi_uldivmod.o)
 .data          0x00000000        0x0 c:/program files/microchip/xc32/v2.40/bin/bin/../../lib/gcc/pic32c/6.2.1/v8-m.base\libgcc.a(_aeabi_uldivmod.o)
 .bss           0x00000000        0x0 c:/program files/microchip/xc32/v2.40/bin/bin/../../lib/gcc/pic32c/6.2.1/v8-m.base\libgcc.a(_aeabi_uldivmod.o)
 .debug_line    0x00000000       0xa7 c:/program files/microchip/xc32/v2.40/bin/bin/../../lib/gcc/pic32c/6.2.1/v8-m.base\libgcc.a(_aeabi_uldivmod.o)
 .debug_info    0x00000000       0xf8 c:/program files/microchip/xc32/v2.40/bin/bin/../../lib/gcc/pic32c/6.2.1/v8-m.base\libgcc.a(_aeabi_uldivmod.o)
 .debug_abbrev  0x00000000       0x14 c:/program files/microchip/xc32/v2.40/bin/bin/../../lib/gcc/pic32c/6.2.1/v8-m.base\libgcc.a(_aeabi_uldivmod.o)
 .debug_aranges
                0x00000000       0x20 c:/program files/microchip/xc32/v2.40/bin/bin/../../lib/gcc/pic32c/6.2.1/v8-m.base\libgcc.a(_aeabi_uldivmod.o)
 .ARM.attributes
                0x00000000       0x22 c:/program files/microchip/xc32/v2.40/bin/bin/../../lib/gcc/pic32c/6.2.1/v8-m.base\libgcc.a(_aeabi_uldivmod.o)
 .text          0x00000000       0x42 c:/program files/microchip/xc32/v2.40/bin/bin/../../lib/gcc/pic32c/6.2.1/v8-m.base\libgcc.a(_muldi3.o)
 .data          0x00000000        0x0 c:/program files/microchip/xc32/v2.40/bin/bin/../../lib/gcc/pic32c/6.2.1/v8-m.base\libgcc.a(_muldi3.o)
 .bss           0x00000000        0x0 c:/program files/microchip/xc32/v2.40/bin/bin/../../lib/gcc/pic32c/6.2.1/v8-m.base\libgcc.a(_muldi3.o)
 .debug_info    0x00000000     0x13fb c:/program files/microchip/xc32/v2.40/bin/bin/../../lib/gcc/pic32c/6.2.1/v8-m.base\libgcc.a(_muldi3.o)
 .debug_abbrev  0x00000000      0x176 c:/program files/microchip/xc32/v2.40/bin/bin/../../lib/gcc/pic32c/6.2.1/v8-m.base\libgcc.a(_muldi3.o)
 .debug_loc     0x00000000      0x164 c:/program files/microchip/xc32/v2.40/bin/bin/../../lib/gcc/pic32c/6.2.1/v8-m.base\libgcc.a(_muldi3.o)
 .debug_aranges
                0x00000000       0x20 c:/program files/microchip/xc32/v2.40/bin/bin/../../lib/gcc/pic32c/6.2.1/v8-m.base\libgcc.a(_muldi3.o)
 .debug_ranges  0x00000000       0x28 c:/program files/microchip/xc32/v2.40/bin/bin/../../lib/gcc/pic32c/6.2.1/v8-m.base\libgcc.a(_muldi3.o)
 .debug_line    0x00000000      0x299 c:/program files/microchip/xc32/v2.40/bin/bin/../../lib/gcc/pic32c/6.2.1/v8-m.base\libgcc.a(_muldi3.o)
 .debug_str     0x00000000        0x0 c:/program files/microchip/xc32/v2.40/bin/bin/../../lib/gcc/pic32c/6.2.1/v8-m.base\libgcc.a(_muldi3.o)
 .comment       0x00000000       0x3d c:/program files/microchip/xc32/v2.40/bin/bin/../../lib/gcc/pic32c/6.2.1/v8-m.base\libgcc.a(_muldi3.o)
 .debug_frame   0x00000000       0x34 c:/program files/microchip/xc32/v2.40/bin/bin/../../lib/gcc/pic32c/6.2.1/v8-m.base\libgcc.a(_muldi3.o)
 .ARM.attributes
                0x00000000       0x30 c:/program files/microchip/xc32/v2.40/bin/bin/../../lib/gcc/pic32c/6.2.1/v8-m.base\libgcc.a(_muldi3.o)
 .text          0x00000000      0x32a c:/program files/microchip/xc32/v2.40/bin/bin/../../lib/gcc/pic32c/6.2.1/v8-m.base\libgcc.a(_udivmoddi4.o)
 .data          0x00000000        0x0 c:/program files/microchip/xc32/v2.40/bin/bin/../../lib/gcc/pic32c/6.2.1/v8-m.base\libgcc.a(_udivmoddi4.o)
 .bss           0x00000000        0x0 c:/program files/microchip/xc32/v2.40/bin/bin/../../lib/gcc/pic32c/6.2.1/v8-m.base\libgcc.a(_udivmoddi4.o)
 .ARM.extab     0x00000000        0x0 c:/program files/microchip/xc32/v2.40/bin/bin/../../lib/gcc/pic32c/6.2.1/v8-m.base\libgcc.a(_udivmoddi4.o)
 .ARM.exidx     0x00000000        0x8 c:/program files/microchip/xc32/v2.40/bin/bin/../../lib/gcc/pic32c/6.2.1/v8-m.base\libgcc.a(_udivmoddi4.o)
 .debug_info    0x00000000     0x172e c:/program files/microchip/xc32/v2.40/bin/bin/../../lib/gcc/pic32c/6.2.1/v8-m.base\libgcc.a(_udivmoddi4.o)
 .debug_abbrev  0x00000000      0x195 c:/program files/microchip/xc32/v2.40/bin/bin/../../lib/gcc/pic32c/6.2.1/v8-m.base\libgcc.a(_udivmoddi4.o)
 .debug_loc     0x00000000      0xe18 c:/program files/microchip/xc32/v2.40/bin/bin/../../lib/gcc/pic32c/6.2.1/v8-m.base\libgcc.a(_udivmoddi4.o)
 .debug_aranges
                0x00000000       0x20 c:/program files/microchip/xc32/v2.40/bin/bin/../../lib/gcc/pic32c/6.2.1/v8-m.base\libgcc.a(_udivmoddi4.o)
 .debug_ranges  0x00000000       0xa0 c:/program files/microchip/xc32/v2.40/bin/bin/../../lib/gcc/pic32c/6.2.1/v8-m.base\libgcc.a(_udivmoddi4.o)
 .debug_line    0x00000000      0x335 c:/program files/microchip/xc32/v2.40/bin/bin/../../lib/gcc/pic32c/6.2.1/v8-m.base\libgcc.a(_udivmoddi4.o)
 .debug_str     0x00000000        0x0 c:/program files/microchip/xc32/v2.40/bin/bin/../../lib/gcc/pic32c/6.2.1/v8-m.base\libgcc.a(_udivmoddi4.o)
 .comment       0x00000000       0x3d c:/program files/microchip/xc32/v2.40/bin/bin/../../lib/gcc/pic32c/6.2.1/v8-m.base\libgcc.a(_udivmoddi4.o)
 .debug_frame   0x00000000       0x30 c:/program files/microchip/xc32/v2.40/bin/bin/../../lib/gcc/pic32c/6.2.1/v8-m.base\libgcc.a(_udivmoddi4.o)
 .ARM.attributes
                0x00000000       0x30 c:/program files/microchip/xc32/v2.40/bin/bin/../../lib/gcc/pic32c/6.2.1/v8-m.base\libgcc.a(_udivmoddi4.o)
 .text          0x00000000        0x4 c:/program files/microchip/xc32/v2.40/bin/bin/../../lib/gcc/pic32c/6.2.1/v8-m.base\libgcc.a(_dvmd_tls.o)
 .data          0x00000000        0x0 c:/program files/microchip/xc32/v2.40/bin/bin/../../lib/gcc/pic32c/6.2.1/v8-m.base\libgcc.a(_dvmd_tls.o)
 .bss           0x00000000        0x0 c:/program files/microchip/xc32/v2.40/bin/bin/../../lib/gcc/pic32c/6.2.1/v8-m.base\libgcc.a(_dvmd_tls.o)
 .debug_line    0x00000000       0x9c c:/program files/microchip/xc32/v2.40/bin/bin/../../lib/gcc/pic32c/6.2.1/v8-m.base\libgcc.a(_dvmd_tls.o)
 .debug_info    0x00000000       0xf8 c:/program files/microchip/xc32/v2.40/bin/bin/../../lib/gcc/pic32c/6.2.1/v8-m.base\libgcc.a(_dvmd_tls.o)
 .debug_abbrev  0x00000000       0x14 c:/program files/microchip/xc32/v2.40/bin/bin/../../lib/gcc/pic32c/6.2.1/v8-m.base\libgcc.a(_dvmd_tls.o)
 .debug_aranges
                0x00000000       0x20 c:/program files/microchip/xc32/v2.40/bin/bin/../../lib/gcc/pic32c/6.2.1/v8-m.base\libgcc.a(_dvmd_tls.o)
 .ARM.attributes
                0x00000000       0x22 c:/program files/microchip/xc32/v2.40/bin/bin/../../lib/gcc/pic32c/6.2.1/v8-m.base\libgcc.a(_dvmd_tls.o)
 .text          0x00000000       0x3c c:/program files/microchip/xc32/v2.40/bin/bin/../../lib/gcc/pic32c/6.2.1/v8-m.base\libgcc.a(_clzsi2.o)
 .data          0x00000000        0x0 c:/program files/microchip/xc32/v2.40/bin/bin/../../lib/gcc/pic32c/6.2.1/v8-m.base\libgcc.a(_clzsi2.o)
 .bss           0x00000000        0x0 c:/program files/microchip/xc32/v2.40/bin/bin/../../lib/gcc/pic32c/6.2.1/v8-m.base\libgcc.a(_clzsi2.o)
 .debug_line    0x00000000       0xb0 c:/program files/microchip/xc32/v2.40/bin/bin/../../lib/gcc/pic32c/6.2.1/v8-m.base\libgcc.a(_clzsi2.o)
 .debug_info    0x00000000       0xf8 c:/program files/microchip/xc32/v2.40/bin/bin/../../lib/gcc/pic32c/6.2.1/v8-m.base\libgcc.a(_clzsi2.o)
 .debug_abbrev  0x00000000       0x14 c:/program files/microchip/xc32/v2.40/bin/bin/../../lib/gcc/pic32c/6.2.1/v8-m.base\libgcc.a(_clzsi2.o)
 .debug_aranges
                0x00000000       0x20 c:/program files/microchip/xc32/v2.40/bin/bin/../../lib/gcc/pic32c/6.2.1/v8-m.base\libgcc.a(_clzsi2.o)
 .ARM.attributes
                0x00000000       0x22 c:/program files/microchip/xc32/v2.40/bin/bin/../../lib/gcc/pic32c/6.2.1/v8-m.base\libgcc.a(_clzsi2.o)
 .text          0x00000000        0x0 c:/program files/microchip/xc32/v2.40/bin/bin/../../lib/gcc/pic32c/6.2.1/../../../../pic32c/lib/v8-m.base\libc_nano.a(lib_a-init.o)
 .data          0x00000000        0x0 c:/program files/microchip/xc32/v2.40/bin/bin/../../lib/gcc/pic32c/6.2.1/../../../../pic32c/lib/v8-m.base\libc_nano.a(lib_a-init.o)
 .bss           0x00000000        0x0 c:/program files/microchip/xc32/v2.40/bin/bin/../../lib/gcc/pic32c/6.2.1/../../../../pic32c/lib/v8-m.base\libc_nano.a(lib_a-init.o)
 .text          0x00000000        0x0 c:/program files/microchip/xc32/v2.40/bin/bin/../../lib/gcc/pic32c/6.2.1/../../../../pic32c/lib/v8-m.base\libc_nano.a(lib_a-memcpy-stub.o)
 .data          0x00000000        0x0 c:/program files/microchip/xc32/v2.40/bin/bin/../../lib/gcc/pic32c/6.2.1/../../../../pic32c/lib/v8-m.base\libc_nano.a(lib_a-memcpy-stub.o)
 .bss           0x00000000        0x0 c:/program files/microchip/xc32/v2.40/bin/bin/../../lib/gcc/pic32c/6.2.1/../../../../pic32c/lib/v8-m.base\libc_nano.a(lib_a-memcpy-stub.o)
 .text.memcpy   0x00000000       0x12 c:/program files/microchip/xc32/v2.40/bin/bin/../../lib/gcc/pic32c/6.2.1/../../../../pic32c/lib/v8-m.base\libc_nano.a(lib_a-memcpy-stub.o)
 .debug_info    0x00000000      0xdfb c:/program files/microchip/xc32/v2.40/bin/bin/../../lib/gcc/pic32c/6.2.1/../../../../pic32c/lib/v8-m.base\libc_nano.a(lib_a-memcpy-stub.o)
 .debug_abbrev  0x00000000      0x17c c:/program files/microchip/xc32/v2.40/bin/bin/../../lib/gcc/pic32c/6.2.1/../../../../pic32c/lib/v8-m.base\libc_nano.a(lib_a-memcpy-stub.o)
 .debug_loc     0x00000000       0xde c:/program files/microchip/xc32/v2.40/bin/bin/../../lib/gcc/pic32c/6.2.1/../../../../pic32c/lib/v8-m.base\libc_nano.a(lib_a-memcpy-stub.o)
 .debug_aranges
                0x00000000       0x20 c:/program files/microchip/xc32/v2.40/bin/bin/../../lib/gcc/pic32c/6.2.1/../../../../pic32c/lib/v8-m.base\libc_nano.a(lib_a-memcpy-stub.o)
 .debug_ranges  0x00000000       0x10 c:/program files/microchip/xc32/v2.40/bin/bin/../../lib/gcc/pic32c/6.2.1/../../../../pic32c/lib/v8-m.base\libc_nano.a(lib_a-memcpy-stub.o)
 .debug_line    0x00000000      0x21c c:/program files/microchip/xc32/v2.40/bin/bin/../../lib/gcc/pic32c/6.2.1/../../../../pic32c/lib/v8-m.base\libc_nano.a(lib_a-memcpy-stub.o)
 .debug_str     0x00000000        0x9 c:/program files/microchip/xc32/v2.40/bin/bin/../../lib/gcc/pic32c/6.2.1/../../../../pic32c/lib/v8-m.base\libc_nano.a(lib_a-memcpy-stub.o)
 .comment       0x00000000       0x3d c:/program files/microchip/xc32/v2.40/bin/bin/../../lib/gcc/pic32c/6.2.1/../../../../pic32c/lib/v8-m.base\libc_nano.a(lib_a-memcpy-stub.o)
 .debug_frame   0x00000000       0x28 c:/program files/microchip/xc32/v2.40/bin/bin/../../lib/gcc/pic32c/6.2.1/../../../../pic32c/lib/v8-m.base\libc_nano.a(lib_a-memcpy-stub.o)
 .ARM.attributes
                0x00000000       0x30 c:/program files/microchip/xc32/v2.40/bin/bin/../../lib/gcc/pic32c/6.2.1/../../../../pic32c/lib/v8-m.base\libc_nano.a(lib_a-memcpy-stub.o)
 .text          0x00000000        0x0 c:/program files/microchip/xc32/v2.40/bin/bin/../../lib/gcc/pic32c/6.2.1/v8-m.base/crtend.o
 .data          0x00000000        0x0 c:/program files/microchip/xc32/v2.40/bin/bin/../../lib/gcc/pic32c/6.2.1/v8-m.base/crtend.o
 .bss           0x00000000        0x0 c:/program files/microchip/xc32/v2.40/bin/bin/../../lib/gcc/pic32c/6.2.1/v8-m.base/crtend.o
 .eh_frame      0x00000000        0x4 c:/program files/microchip/xc32/v2.40/bin/bin/../../lib/gcc/pic32c/6.2.1/v8-m.base/crtend.o
 .comment       0x00000000       0x3d c:/program files/microchip/xc32/v2.40/bin/bin/../../lib/gcc/pic32c/6.2.1/v8-m.base/crtend.o
 .ARM.attributes
                0x00000000       0x30 c:/program files/microchip/xc32/v2.40/bin/bin/../../lib/gcc/pic32c/6.2.1/v8-m.base/crtend.o
 .text          0x00000000        0x0 c:/program files/microchip/xc32/v2.40/bin/bin/../../lib/gcc/pic32c/6.2.1/v8-m.base/crtn.o
 .data          0x00000000        0x0 c:/program files/microchip/xc32/v2.40/bin/bin/../../lib/gcc/pic32c/6.2.1/v8-m.base/crtn.o
 .bss           0x00000000        0x0 c:/program files/microchip/xc32/v2.40/bin/bin/../../lib/gcc/pic32c/6.2.1/v8-m.base/crtn.o

Memory Configuration

Name             Origin             Length             Attributes
rom              0x00000000         0x00008000         xrl
rom_nsc          0x00007e00         0x00000200         xrl
ram              0x20000000         0x00002000         xw !r
config_00804000  0x00804000         0x00000004
config_00804004  0x00804004         0x00000004
config_00804008  0x00804008         0x00000004
config_0080400C  0x0080400c         0x00000004
config_00804010  0x00804010         0x00000004
config_00804014  0x00804014         0x00000004
config_00804018  0x00804018         0x00000004
config_0080401C  0x0080401c         0x00000004
config_0080C000  0x0080c000         0x00000004
config_0080C004  0x0080c004         0x00000004
config_0080C008  0x0080c008         0x00000004
config_0080C010  0x0080c010         0x00000004
config_0080C014  0x0080c014         0x00000004
config_0080C018  0x0080c018         0x00000004
config_0080C01C  0x0080c01c         0x00000004
config_0080C020  0x0080c020         0x00000004
config_0080C024  0x0080c024         0x00000004
config_0080C028  0x0080c028         0x00000004
config_0080C02C  0x0080c02c         0x00000004
config_0080C030  0x0080c030         0x00000004
config_0080C034  0x0080c034         0x00000004
config_0080C038  0x0080c038         0x00000004
config_0080C03C  0x0080c03c         0x00000004
config_0080C040  0x0080c040         0x00000004
config_0080C044  0x0080c044         0x00000004
config_0080C048  0x0080c048         0x00000004
config_0080C04C  0x0080c04c         0x00000004
config_0080C050  0x0080c050         0x00000004
config_0080C054  0x0080c054         0x00000004
config_0080C058  0x0080c058         0x00000004
config_0080C05C  0x0080c05c         0x00000004
config_0080C060  0x0080c060         0x00000004
config_0080C064  0x0080c064         0x00000004
config_0080C068  0x0080c068         0x00000004
config_0080C06C  0x0080c06c         0x00000004
config_0080C0E0  0x0080c0e0         0x00000004
config_0080C0E4  0x0080c0e4         0x00000004
config_0080C0E8  0x0080c0e8         0x00000004
config_0080C0EC  0x0080c0ec         0x00000004
config_0080C0F0  0x0080c0f0         0x00000004
config_0080C0F4  0x0080c0f4         0x00000004
config_0080C0F8  0x0080c0f8         0x00000004
config_0080C0FC  0x0080c0fc         0x00000004
*default*        0x00000000         0xffffffff

Linker script and memory map

LOAD c:/program files/microchip/xc32/v2.40/bin/bin/../../lib/gcc/pic32c/6.2.1/v8-m.base/crti.o
LOAD c:/program files/microchip/xc32/v2.40/bin/bin/../../lib/gcc/pic32c/6.2.1/v8-m.base/crtbegin.o
LOAD build/default/production/_ext/1593096446/plib_nvmctrl.o
LOAD build/default/production/_ext/1986646378/plib_evsys.o
LOAD build/default/production/_ext/504274921/plib_sercom0_usart.o
LOAD build/default/production/_ext/829342769/plib_pm.o
LOAD build/default/production/_ext/1171490990/interrupts.o
LOAD build/default/production/_ext/1171490990/initialization.o
LOAD build/default/production/_ext/1360937237/main.o
LOAD build/default/production/_ext/1903470166/veneer.o
LOAD build/default/production/_ext/1903470166/secure.o
LOAD build/default/production/_ext/163028504/xc32_monitor.o
LOAD build/default/production/_ext/1171490990/exceptions.o
LOAD build/default/production/_ext/1865521619/plib_port.o
LOAD build/default/production/_ext/1984496892/plib_clock.o
LOAD build/default/production/_ext/1865468468/plib_nvic.o
LOAD build/default/production/_ext/1827571544/plib_systick.o
LOAD build/default/production/_ext/1171490990/startup_xc32.o
LOAD build/default/production/_ext/1171490990/libc_syscalls.o
                0x00000001                __MPLAB_BUILD = 0x1
                0x00000000                _min_heap_size = 0x0
START GROUP
LOAD c:/program files/microchip/xc32/v2.40/bin/bin/../../lib/gcc/pic32c/6.2.1/../../../../pic32c/lib/v8-m.base\libpic32c.a
LOAD c:/program files/microchip/xc32/v2.40/bin/bin/../../lib/gcc/pic32c/6.2.1/v8-m.base\libgcc.a
LOAD c:/program files/microchip/xc32/v2.40/bin/bin/../../lib/gcc/pic32c/6.2.1/../../../../pic32c/lib/v8-m.base\libm_nano.a
LOAD c:/program files/microchip/xc32/v2.40/bin/bin/../../lib/gcc/pic32c/6.2.1/../../../../pic32c/lib/v8-m.base\libc_nano.a
END GROUP
LOAD c:/program files/microchip/xc32/v2.40/bin/bin/../../lib/gcc/pic32c/6.2.1/v8-m.base/crtend.o
LOAD c:/program files/microchip/xc32/v2.40/bin/bin/../../lib/gcc/pic32c/6.2.1/v8-m.base/crtn.o
                0x00008000                __rom_end = (ORIGIN (rom) + LENGTH (rom))
                0x00008000                __rom_nsc_end = (ORIGIN (rom_nsc) + LENGTH (rom_nsc))
                0x20002000                __ram_end = (ORIGIN (ram) + LENGTH (ram))

.config_00804000
                0x00804000        0x4
 *(.config_00804000)
 .config_00804000
                0x00804000        0x4 build/default/production/_ext/1171490990/initialization.o

.config_00804004
                0x00804004        0x4
 *(.config_00804004)
 .config_00804004
                0x00804004        0x4 build/default/production/_ext/1171490990/initialization.o

.config_00804008
                0x00804008        0x4
 *(.config_00804008)
 .config_00804008
                0x00804008        0x4 build/default/production/_ext/1171490990/initialization.o

.config_0080400C
                0x0080400c        0x4
 *(.config_0080400C)
 .config_0080400C
                0x0080400c        0x4 build/default/production/_ext/1171490990/initialization.o

.config_00804010
                0x00804010        0x4
 *(.config_00804010)
 .config_00804010
                0x00804010        0x4 build/default/production/_ext/1171490990/initialization.o

.config_00804014
                0x00804014        0x4
 *(.config_00804014)
 .config_00804014
                0x00804014        0x4 build/default/production/_ext/1171490990/initialization.o

.config_00804018
                0x00804018        0x4
 *(.config_00804018)
 .config_00804018
                0x00804018        0x4 build/default/production/_ext/1171490990/initialization.o

.config_0080401C
                0x0080401c        0x4
 *(.config_0080401C)
 .config_0080401C
                0x0080401c        0x4 build/default/production/_ext/1171490990/initialization.o

.config_0080C000
                0x0080c000        0x4
 *(.config_0080C000)
 .config_0080C000
                0x0080c000        0x4 build/default/production/_ext/1171490990/initialization.o

.config_0080C004
                0x0080c004        0x4
 *(.config_0080C004)
 .config_0080C004
                0x0080c004        0x4 build/default/production/_ext/1171490990/initialization.o

.config_0080C008
                0x0080c008        0x4
 *(.config_0080C008)
 .config_0080C008
                0x0080c008        0x4 build/default/production/_ext/1171490990/initialization.o

.config_0080C010
                0x0080c010        0x4
 *(.config_0080C010)
 .config_0080C010
                0x0080c010        0x4 build/default/production/_ext/1171490990/initialization.o

.config_0080C014
                0x0080c014        0x4
 *(.config_0080C014)
 .config_0080C014
                0x0080c014        0x4 build/default/production/_ext/1171490990/initialization.o

.config_0080C018
                0x0080c018        0x4
 *(.config_0080C018)
 .config_0080C018
                0x0080c018        0x4 build/default/production/_ext/1171490990/initialization.o

.config_0080C01C
                0x0080c01c        0x4
 *(.config_0080C01C)
 .config_0080C01C
                0x0080c01c        0x4 build/default/production/_ext/1171490990/initialization.o

.config_0080C020
                0x0080c020        0x4
 *(.config_0080C020)
 .config_0080C020
                0x0080c020        0x4 build/default/production/_ext/1171490990/initialization.o

.config_0080C024
                0x0080c024        0x4
 *(.config_0080C024)
 .config_0080C024
                0x0080c024        0x4 build/default/production/_ext/1171490990/initialization.o

.config_0080C028
                0x0080c028        0x4
 *(.config_0080C028)
 .config_0080C028
                0x0080c028        0x4 build/default/production/_ext/1171490990/initialization.o

.config_0080C02C
                0x0080c02c        0x4
 *(.config_0080C02C)
 .config_0080C02C
                0x0080c02c        0x4 build/default/production/_ext/1171490990/initialization.o

.config_0080C030
                0x0080c030        0x4
 *(.config_0080C030)
 .config_0080C030
                0x0080c030        0x4 build/default/production/_ext/1171490990/initialization.o

.config_0080C034
                0x0080c034        0x4
 *(.config_0080C034)
 .config_0080C034
                0x0080c034        0x4 build/default/production/_ext/1171490990/initialization.o

.config_0080C038
                0x0080c038        0x4
 *(.config_0080C038)
 .config_0080C038
                0x0080c038        0x4 build/default/production/_ext/1171490990/initialization.o

.config_0080C03C
                0x0080c03c        0x4
 *(.config_0080C03C)
 .config_0080C03C
                0x0080c03c        0x4 build/default/production/_ext/1171490990/initialization.o

.config_0080C040
                0x0080c040        0x4
 *(.config_0080C040)
 .config_0080C040
                0x0080c040        0x4 build/default/production/_ext/1171490990/initialization.o

.config_0080C044
                0x0080c044        0x4
 *(.config_0080C044)
 .config_0080C044
                0x0080c044        0x4 build/default/production/_ext/1171490990/initialization.o

.config_0080C048
                0x0080c048        0x4
 *(.config_0080C048)
 .config_0080C048
                0x0080c048        0x4 build/default/production/_ext/1171490990/initialization.o

.config_0080C04C
                0x0080c04c        0x4
 *(.config_0080C04C)
 .config_0080C04C
                0x0080c04c        0x4 build/default/production/_ext/1171490990/initialization.o

.config_0080C050
                0x0080c050        0x4
 *(.config_0080C050)
 .config_0080C050
                0x0080c050        0x4 build/default/production/_ext/1171490990/initialization.o

.config_0080C054
                0x0080c054        0x4
 *(.config_0080C054)
 .config_0080C054
                0x0080c054        0x4 build/default/production/_ext/1171490990/initialization.o

.config_0080C058
                0x0080c058        0x4
 *(.config_0080C058)
 .config_0080C058
                0x0080c058        0x4 build/default/production/_ext/1171490990/initialization.o

.config_0080C05C
                0x0080c05c        0x4
 *(.config_0080C05C)
 .config_0080C05C
                0x0080c05c        0x4 build/default/production/_ext/1171490990/initialization.o

.config_0080C060
                0x0080c060        0x4
 *(.config_0080C060)
 .config_0080C060
                0x0080c060        0x4 build/default/production/_ext/1171490990/initialization.o

.config_0080C064
                0x0080c064        0x4
 *(.config_0080C064)
 .config_0080C064
                0x0080c064        0x4 build/default/production/_ext/1171490990/initialization.o

.config_0080C068
                0x0080c068        0x4
 *(.config_0080C068)
 .config_0080C068
                0x0080c068        0x4 build/default/production/_ext/1171490990/initialization.o

.config_0080C06C
                0x0080c06c        0x4
 *(.config_0080C06C)
 .config_0080C06C
                0x0080c06c        0x4 build/default/production/_ext/1171490990/initialization.o

.config_0080C0E0
                0x0080c0e0        0x4
 *(.config_0080C0E0)
 .config_0080C0E0
                0x0080c0e0        0x4 build/default/production/_ext/1171490990/initialization.o

.config_0080C0E4
                0x0080c0e4        0x4
 *(.config_0080C0E4)
 .config_0080C0E4
                0x0080c0e4        0x4 build/default/production/_ext/1171490990/initialization.o

.config_0080C0E8
                0x0080c0e8        0x4
 *(.config_0080C0E8)
 .config_0080C0E8
                0x0080c0e8        0x4 build/default/production/_ext/1171490990/initialization.o

.config_0080C0EC
                0x0080c0ec        0x4
 *(.config_0080C0EC)
 .config_0080C0EC
                0x0080c0ec        0x4 build/default/production/_ext/1171490990/initialization.o

.config_0080C0F0
                0x0080c0f0        0x4
 *(.config_0080C0F0)
 .config_0080C0F0
                0x0080c0f0        0x4 build/default/production/_ext/1171490990/initialization.o

.config_0080C0F4
                0x0080c0f4        0x4
 *(.config_0080C0F4)
 .config_0080C0F4
                0x0080c0f4        0x4 build/default/production/_ext/1171490990/initialization.o

.config_0080C0F8
                0x0080c0f8        0x4
 *(.config_0080C0F8)
 .config_0080C0F8
                0x0080c0f8        0x4 build/default/production/_ext/1171490990/initialization.o

.config_0080C0FC
                0x0080c0fc        0x4
 *(.config_0080C0FC)
 .config_0080C0FC
                0x0080c0fc        0x4 build/default/production/_ext/1171490990/initialization.o

.vectors        0x00000000       0xf4
                0x00000000                . = ALIGN (0x4)
                0x00000000                _sfixed = .
 *(.vectors .vectors.* .vectors_default .vectors_default.*)
 .vectors       0x00000000       0xf4 build/default/production/_ext/1171490990/interrupts.o
                0x00000000                exception_table
 *(.isr_vector)
 *(.reset*)
 *(.after_vectors)

.text           0x000000f4       0x20
                0x000000f4                . = ALIGN (0x4)
 *(.glue_7t)
 .glue_7t       0x000000f4        0x0 linker stubs
 *(.glue_7)
 .glue_7        0x000000f4        0x0 linker stubs
 *(.gnu.linkonce.r.*)
 *(.ARM.extab* .gnu.linkonce.armextab.*)
                0x000000f4                . = ALIGN (0x4)
 *(.init)
 .init          0x000000f4        0x4 c:/program files/microchip/xc32/v2.40/bin/bin/../../lib/gcc/pic32c/6.2.1/v8-m.base/crti.o
                0x000000f4                _init
 .init          0x000000f8        0x8 c:/program files/microchip/xc32/v2.40/bin/bin/../../lib/gcc/pic32c/6.2.1/v8-m.base/crtn.o
                0x00000100                . = ALIGN (0x4)
                0x00000100                __preinit_array_start = .
 *(.preinit_array)
                0x00000100                __preinit_array_end = .
                0x00000100                . = ALIGN (0x4)
                0x00000100                __init_array_start = .
 *(SORT(.init_array.*))
 *(.init_array)
 .init_array    0x00000100        0x4 c:/program files/microchip/xc32/v2.40/bin/bin/../../lib/gcc/pic32c/6.2.1/v8-m.base/crtbegin.o
                0x00000104                __init_array_end = .
                0x00000104                . = ALIGN (0x4)
 *crtbegin.o(.ctors)
 *(EXCLUDE_FILE(*crtend.o) .ctors)
 *(SORT(.ctors.*))
 *crtend.o(.ctors)
                0x00000104                . = ALIGN (0x4)
 *(.fini)
 .fini          0x00000104        0x4 c:/program files/microchip/xc32/v2.40/bin/bin/../../lib/gcc/pic32c/6.2.1/v8-m.base/crti.o
                0x00000104                _fini
 .fini          0x00000108        0x8 c:/program files/microchip/xc32/v2.40/bin/bin/../../lib/gcc/pic32c/6.2.1/v8-m.base/crtn.o
                0x00000110                . = ALIGN (0x4)
                0x00000110                __fini_array_start = .
 *(.fini_array)
 .fini_array    0x00000110        0x4 c:/program files/microchip/xc32/v2.40/bin/bin/../../lib/gcc/pic32c/6.2.1/v8-m.base/crtbegin.o
 *(SORT(.fini_array.*))
                0x00000114                __fini_array_end = .
 *crtbegin.o(.dtors)
 *(EXCLUDE_FILE(*crtend.o) .dtors)
 *(SORT(.dtors.*))
 *crtend.o(.dtors)
                0x00000114                . = ALIGN (0x4)
                0x00000114                _efixed = .
                [!provide]                PROVIDE (__exidx_start, .)

.ARM.exidx
 *(.ARM.exidx* .gnu.linkonce.armexidx.*)
                [!provide]                PROVIDE (__exidx_end, .)
                0x00000114                . = ALIGN (0x4)
                0x00000114                _etext = .
                0x00000114                . = ALIGN (0x4)

.gnu.sgstubs    0x00007e00        0x8
                0x00007e00                _ssgstubs = .
 .gnu.sgstubs.__stub
                0x00007e00        0x8 linker stubs
                0x00007e00                secure_add

.bss            0x20000000        0xc
                0x20000000                . = ALIGN (0x4)
                0x20000000                __bss_start__ = .
                0x20000000                _sbss = .
                0x20000000                _szero = .
 *(COMMON)
 COMMON         0x20000000        0xc build/default/production/_ext/1827571544/plib_systick.o
                0x20000000                systick
                0x2000000c                . = ALIGN (0x4)
                0x2000000c                __bss_end__ = .
                0x2000000c                _ebss = .
                0x2000000c                _ezero = .
                0x2000000c                . = ALIGN (0x4)
                0x2000000c                _end = .
                0x20001fff                _ram_end_ = ((ORIGIN (ram) + LENGTH (ram)) - 0x1)
OUTPUT(dist/default/production/printf_secure_Secure.X.production.elf elf32-littlearm)
LOAD stack
LOAD data_init

.ARM.attributes
                0x00000000       0x2c
 .ARM.attributes
                0x00000000       0x22 c:/program files/microchip/xc32/v2.40/bin/bin/../../lib/gcc/pic32c/6.2.1/v8-m.base/crti.o
 .ARM.attributes
                0x00000022       0x30 c:/program files/microchip/xc32/v2.40/bin/bin/../../lib/gcc/pic32c/6.2.1/v8-m.base/crtbegin.o
 .ARM.attributes
                0x00000052       0x32 build/default/production/_ext/1593096446/plib_nvmctrl.o
 .ARM.attributes
                0x00000084       0x32 build/default/production/_ext/1986646378/plib_evsys.o
 .ARM.attributes
                0x000000b6       0x32 build/default/production/_ext/504274921/plib_sercom0_usart.o
 .ARM.attributes
                0x000000e8       0x32 build/default/production/_ext/829342769/plib_pm.o
 .ARM.attributes
                0x0000011a       0x32 build/default/production/_ext/1171490990/interrupts.o
 .ARM.attributes
                0x0000014c       0x32 build/default/production/_ext/1171490990/initialization.o
 .ARM.attributes
                0x0000017e       0x32 build/default/production/_ext/1360937237/main.o
 .ARM.attributes
                0x000001b0       0x32 build/default/production/_ext/1171490990/exceptions.o
 .ARM.attributes
                0x000001e2       0x32 build/default/production/_ext/1865521619/plib_port.o
 .ARM.attributes
                0x00000214       0x32 build/default/production/_ext/1984496892/plib_clock.o
 .ARM.attributes
                0x00000246       0x32 build/default/production/_ext/1865468468/plib_nvic.o
 .ARM.attributes
                0x00000278       0x32 build/default/production/_ext/1827571544/plib_systick.o
 .ARM.attributes
                0x000002aa       0x32 build/default/production/_ext/1171490990/startup_xc32.o
 .ARM.attributes
                0x000002dc       0x30 c:/program files/microchip/xc32/v2.40/bin/bin/../../lib/gcc/pic32c/6.2.1/../../../../pic32c/lib/v8-m.base\libpic32c.a(data_init.o)
 .ARM.attributes
                0x0000030c       0x20 c:/program files/microchip/xc32/v2.40/bin/bin/../../lib/gcc/pic32c/6.2.1/v8-m.base\libgcc.a(cmse_nonsecure_call.o)
 .ARM.attributes
                0x0000032c       0x30 c:/program files/microchip/xc32/v2.40/bin/bin/../../lib/gcc/pic32c/6.2.1/../../../../pic32c/lib/v8-m.base\libc_nano.a(lib_a-init.o)
 .ARM.attributes
                0x0000035c       0x22 c:/program files/microchip/xc32/v2.40/bin/bin/../../lib/gcc/pic32c/6.2.1/v8-m.base/crtn.o

.comment        0x00000000       0x3c
 .comment       0x00000000       0x3c c:/program files/microchip/xc32/v2.40/bin/bin/../../lib/gcc/pic32c/6.2.1/v8-m.base/crtbegin.o
                                 0x3d (size before relaxing)
 .comment       0x0000003c       0x3d build/default/production/_ext/1593096446/plib_nvmctrl.o
 .comment       0x0000003c       0x3d build/default/production/_ext/1986646378/plib_evsys.o
 .comment       0x0000003c       0x3d build/default/production/_ext/504274921/plib_sercom0_usart.o
 .comment       0x0000003c       0x3d build/default/production/_ext/829342769/plib_pm.o
 .comment       0x0000003c       0x3d build/default/production/_ext/1171490990/interrupts.o
 .comment       0x0000003c       0x3d build/default/production/_ext/1171490990/initialization.o
 .comment       0x0000003c       0x3d build/default/production/_ext/1360937237/main.o
 .comment       0x0000003c       0x3d build/default/production/_ext/1171490990/exceptions.o
 .comment       0x0000003c       0x3d build/default/production/_ext/1865521619/plib_port.o
 .comment       0x0000003c       0x3d build/default/production/_ext/1984496892/plib_clock.o
 .comment       0x0000003c       0x3d build/default/production/_ext/1865468468/plib_nvic.o
 .comment       0x0000003c       0x3d build/default/production/_ext/1827571544/plib_systick.o
 .comment       0x0000003c       0x3d build/default/production/_ext/1171490990/startup_xc32.o
 .comment       0x0000003c       0x3d c:/program files/microchip/xc32/v2.40/bin/bin/../../lib/gcc/pic32c/6.2.1/../../../../pic32c/lib/v8-m.base\libpic32c.a(data_init.o)
 .comment       0x0000003c       0x3d c:/program files/microchip/xc32/v2.40/bin/bin/../../lib/gcc/pic32c/6.2.1/../../../../pic32c/lib/v8-m.base\libc_nano.a(lib_a-init.o)

.debug_info     0x00000000     0xae05
 .debug_info    0x00000000     0x152c build/default/production/_ext/1593096446/plib_nvmctrl.o
 .debug_info    0x0000152c      0x32c build/default/production/_ext/1986646378/plib_evsys.o
 .debug_info    0x00001858     0x1380 build/default/production/_ext/504274921/plib_sercom0_usart.o
 .debug_info    0x00002bd8      0x57b build/default/production/_ext/829342769/plib_pm.o
 .debug_info    0x00003153     0x15a9 build/default/production/_ext/1171490990/interrupts.o
 .debug_info    0x000046fc     0x12a2 build/default/production/_ext/1171490990/initialization.o
 .debug_info    0x0000599e     0x1258 build/default/production/_ext/1360937237/main.o
 .debug_info    0x00006bf6      0xefe build/default/production/_ext/1171490990/exceptions.o
 .debug_info    0x00007af4      0x83f build/default/production/_ext/1865521619/plib_port.o
 .debug_info    0x00008333      0xa0f build/default/production/_ext/1984496892/plib_clock.o
 .debug_info    0x00008d42      0x36a build/default/production/_ext/1865468468/plib_nvic.o
 .debug_info    0x000090ac      0x67c build/default/production/_ext/1827571544/plib_systick.o
 .debug_info    0x00009728      0xff8 build/default/production/_ext/1171490990/startup_xc32.o
 .debug_info    0x0000a720      0x238 c:/program files/microchip/xc32/v2.40/bin/bin/../../lib/gcc/pic32c/6.2.1/../../../../pic32c/lib/v8-m.base\libpic32c.a(data_init.o)
 .debug_info    0x0000a958      0x102 c:/program files/microchip/xc32/v2.40/bin/bin/../../lib/gcc/pic32c/6.2.1/v8-m.base\libgcc.a(cmse_nonsecure_call.o)
 .debug_info    0x0000aa5a      0x3ab c:/program files/microchip/xc32/v2.40/bin/bin/../../lib/gcc/pic32c/6.2.1/../../../../pic32c/lib/v8-m.base\libc_nano.a(lib_a-init.o)

.debug_abbrev   0x00000000     0x13a1
 .debug_abbrev  0x00000000      0x26a build/default/production/_ext/1593096446/plib_nvmctrl.o
 .debug_abbrev  0x0000026a       0x39 build/default/production/_ext/1986646378/plib_evsys.o
 .debug_abbrev  0x000002a3      0x286 build/default/production/_ext/504274921/plib_sercom0_usart.o
 .debug_abbrev  0x00000529       0xd4 build/default/production/_ext/829342769/plib_pm.o
 .debug_abbrev  0x000005fd      0x1a0 build/default/production/_ext/1171490990/interrupts.o
 .debug_abbrev  0x0000079d      0x1b3 build/default/production/_ext/1171490990/initialization.o
 .debug_abbrev  0x00000950      0x240 build/default/production/_ext/1360937237/main.o
 .debug_abbrev  0x00000b90      0x17e build/default/production/_ext/1171490990/exceptions.o
 .debug_abbrev  0x00000d0e      0x133 build/default/production/_ext/1865521619/plib_port.o
 .debug_abbrev  0x00000e41       0xe9 build/default/production/_ext/1984496892/plib_clock.o
 .debug_abbrev  0x00000f2a       0x68 build/default/production/_ext/1865468468/plib_nvic.o
 .debug_abbrev  0x00000f92      0x15a build/default/production/_ext/1827571544/plib_systick.o
 .debug_abbrev  0x000010ec      0x1d4 build/default/production/_ext/1171490990/startup_xc32.o
 .debug_abbrev  0x000012c0       0x2a c:/program files/microchip/xc32/v2.40/bin/bin/../../lib/gcc/pic32c/6.2.1/../../../../pic32c/lib/v8-m.base\libpic32c.a(data_init.o)
 .debug_abbrev  0x000012ea       0x14 c:/program files/microchip/xc32/v2.40/bin/bin/../../lib/gcc/pic32c/6.2.1/v8-m.base\libgcc.a(cmse_nonsecure_call.o)
 .debug_abbrev  0x000012fe       0xa3 c:/program files/microchip/xc32/v2.40/bin/bin/../../lib/gcc/pic32c/6.2.1/../../../../pic32c/lib/v8-m.base\libc_nano.a(lib_a-init.o)

.debug_loc      0x00000000      0x9ef
 .debug_loc     0x00000000      0x17c build/default/production/_ext/1593096446/plib_nvmctrl.o
 .debug_loc     0x0000017c      0x5b8 build/default/production/_ext/504274921/plib_sercom0_usart.o
 .debug_loc     0x00000734       0x7e build/default/production/_ext/829342769/plib_pm.o
 .debug_loc     0x000007b2       0x41 build/default/production/_ext/1171490990/initialization.o
 .debug_loc     0x000007f3       0x58 build/default/production/_ext/1360937237/main.o
 .debug_loc     0x0000084b       0x84 build/default/production/_ext/1865521619/plib_port.o
 .debug_loc     0x000008cf       0x7a build/default/production/_ext/1827571544/plib_systick.o
 .debug_loc     0x00000949       0x20 build/default/production/_ext/1171490990/startup_xc32.o
 .debug_loc     0x00000969       0x14 c:/program files/microchip/xc32/v2.40/bin/bin/../../lib/gcc/pic32c/6.2.1/../../../../pic32c/lib/v8-m.base\libpic32c.a(data_init.o)
 .debug_loc     0x0000097d       0x72 c:/program files/microchip/xc32/v2.40/bin/bin/../../lib/gcc/pic32c/6.2.1/../../../../pic32c/lib/v8-m.base\libc_nano.a(lib_a-init.o)

.debug_aranges  0x00000000      0x370
 .debug_aranges
                0x00000000       0x60 build/default/production/_ext/1593096446/plib_nvmctrl.o
 .debug_aranges
                0x00000060       0x20 build/default/production/_ext/1986646378/plib_evsys.o
 .debug_aranges
                0x00000080       0x70 build/default/production/_ext/504274921/plib_sercom0_usart.o
 .debug_aranges
                0x000000f0       0x40 build/default/production/_ext/829342769/plib_pm.o
 .debug_aranges
                0x00000130       0x20 build/default/production/_ext/1171490990/interrupts.o
 .debug_aranges
                0x00000150       0x20 build/default/production/_ext/1171490990/initialization.o
 .debug_aranges
                0x00000170       0x28 build/default/production/_ext/1360937237/main.o
 .debug_aranges
                0x00000198       0x48 build/default/production/_ext/1171490990/exceptions.o
 .debug_aranges
                0x000001e0       0x60 build/default/production/_ext/1865521619/plib_port.o
 .debug_aranges
                0x00000240       0x20 build/default/production/_ext/1984496892/plib_clock.o
 .debug_aranges
                0x00000260       0x20 build/default/production/_ext/1865468468/plib_nvic.o
 .debug_aranges
                0x00000280       0x70 build/default/production/_ext/1827571544/plib_systick.o
 .debug_aranges
                0x000002f0       0x20 build/default/production/_ext/1171490990/startup_xc32.o
 .debug_aranges
                0x00000310       0x20 c:/program files/microchip/xc32/v2.40/bin/bin/../../lib/gcc/pic32c/6.2.1/../../../../pic32c/lib/v8-m.base\libpic32c.a(data_init.o)
 .debug_aranges
                0x00000330       0x20 c:/program files/microchip/xc32/v2.40/bin/bin/../../lib/gcc/pic32c/6.2.1/v8-m.base\libgcc.a(cmse_nonsecure_call.o)
 .debug_aranges
                0x00000350       0x20 c:/program files/microchip/xc32/v2.40/bin/bin/../../lib/gcc/pic32c/6.2.1/../../../../pic32c/lib/v8-m.base\libc_nano.a(lib_a-init.o)

.debug_ranges   0x00000000      0x260
 .debug_ranges  0x00000000       0x50 build/default/production/_ext/1593096446/plib_nvmctrl.o
 .debug_ranges  0x00000050       0x10 build/default/production/_ext/1986646378/plib_evsys.o
 .debug_ranges  0x00000060       0x60 build/default/production/_ext/504274921/plib_sercom0_usart.o
 .debug_ranges  0x000000c0       0x30 build/default/production/_ext/829342769/plib_pm.o
 .debug_ranges  0x000000f0       0x10 build/default/production/_ext/1171490990/interrupts.o
 .debug_ranges  0x00000100       0x10 build/default/production/_ext/1171490990/initialization.o
 .debug_ranges  0x00000110       0x18 build/default/production/_ext/1360937237/main.o
 .debug_ranges  0x00000128       0x38 build/default/production/_ext/1171490990/exceptions.o
 .debug_ranges  0x00000160       0x50 build/default/production/_ext/1865521619/plib_port.o
 .debug_ranges  0x000001b0       0x10 build/default/production/_ext/1984496892/plib_clock.o
 .debug_ranges  0x000001c0       0x10 build/default/production/_ext/1865468468/plib_nvic.o
 .debug_ranges  0x000001d0       0x60 build/default/production/_ext/1827571544/plib_systick.o
 .debug_ranges  0x00000230       0x10 build/default/production/_ext/1171490990/startup_xc32.o
 .debug_ranges  0x00000240       0x10 c:/program files/microchip/xc32/v2.40/bin/bin/../../lib/gcc/pic32c/6.2.1/../../../../pic32c/lib/v8-m.base\libpic32c.a(data_init.o)
 .debug_ranges  0x00000250       0x10 c:/program files/microchip/xc32/v2.40/bin/bin/../../lib/gcc/pic32c/6.2.1/../../../../pic32c/lib/v8-m.base\libc_nano.a(lib_a-init.o)

.debug_line     0x00000000     0x1a4a
 .debug_line    0x00000000      0x25a build/default/production/_ext/1593096446/plib_nvmctrl.o
 .debug_line    0x0000025a       0x64 build/default/production/_ext/1986646378/plib_evsys.o
 .debug_line    0x000002be      0x2c4 build/default/production/_ext/504274921/plib_sercom0_usart.o
 .debug_line    0x00000582      0x19b build/default/production/_ext/829342769/plib_pm.o
 .debug_line    0x0000071d      0x189 build/default/production/_ext/1171490990/interrupts.o
 .debug_line    0x000008a6      0x362 build/default/production/_ext/1171490990/initialization.o
 .debug_line    0x00000c08      0x271 build/default/production/_ext/1360937237/main.o
 .debug_line    0x00000e79      0x14b build/default/production/_ext/1171490990/exceptions.o
 .debug_line    0x00000fc4      0x1d1 build/default/production/_ext/1865521619/plib_port.o
 .debug_line    0x00001195      0x169 build/default/production/_ext/1984496892/plib_clock.o
 .debug_line    0x000012fe       0xa6 build/default/production/_ext/1865468468/plib_nvic.o
 .debug_line    0x000013a4      0x20d build/default/production/_ext/1827571544/plib_systick.o
 .debug_line    0x000015b1      0x1e1 build/default/production/_ext/1171490990/startup_xc32.o
 .debug_line    0x00001792       0xe3 c:/program files/microchip/xc32/v2.40/bin/bin/../../lib/gcc/pic32c/6.2.1/../../../../pic32c/lib/v8-m.base\libpic32c.a(data_init.o)
 .debug_line    0x00001875       0xbd c:/program files/microchip/xc32/v2.40/bin/bin/../../lib/gcc/pic32c/6.2.1/v8-m.base\libgcc.a(cmse_nonsecure_call.o)
 .debug_line    0x00001932      0x118 c:/program files/microchip/xc32/v2.40/bin/bin/../../lib/gcc/pic32c/6.2.1/../../../../pic32c/lib/v8-m.base\libc_nano.a(lib_a-init.o)

.debug_str      0x00000000      0x2e7
 .debug_str     0x00000000       0x16 build/default/production/_ext/1593096446/plib_nvmctrl.o
 .debug_str     0x00000016        0x0 build/default/production/_ext/1986646378/plib_evsys.o
 .debug_str     0x00000016      0x11f build/default/production/_ext/504274921/plib_sercom0_usart.o
 .debug_str     0x00000135        0x0 build/default/production/_ext/829342769/plib_pm.o
 .debug_str     0x00000135        0xe build/default/production/_ext/1171490990/interrupts.o
 .debug_str     0x00000143       0xa2 build/default/production/_ext/1171490990/initialization.o
 .debug_str     0x000001e5       0x49 build/default/production/_ext/1360937237/main.o
 .debug_str     0x0000022e        0xe build/default/production/_ext/1171490990/exceptions.o
 .debug_str     0x0000023c        0xb build/default/production/_ext/1865521619/plib_port.o
 .debug_str     0x00000247       0x1e build/default/production/_ext/1984496892/plib_clock.o
 .debug_str     0x00000265        0x0 build/default/production/_ext/1865468468/plib_nvic.o
 .debug_str     0x00000265        0x9 build/default/production/_ext/1827571544/plib_systick.o
 .debug_str     0x0000026e       0x79 build/default/production/_ext/1171490990/startup_xc32.o
 .debug_str     0x000002e7        0x0 c:/program files/microchip/xc32/v2.40/bin/bin/../../lib/gcc/pic32c/6.2.1/../../../../pic32c/lib/v8-m.base\libpic32c.a(data_init.o)
 .debug_str     0x000002e7        0x0 c:/program files/microchip/xc32/v2.40/bin/bin/../../lib/gcc/pic32c/6.2.1/../../../../pic32c/lib/v8-m.base\libc_nano.a(lib_a-init.o)

.debug_frame    0x00000000      0x530
 .debug_frame   0x00000000       0xb0 build/default/production/_ext/1593096446/plib_nvmctrl.o
 .debug_frame   0x000000b0       0x20 build/default/production/_ext/1986646378/plib_evsys.o
 .debug_frame   0x000000d0       0xe4 build/default/production/_ext/504274921/plib_sercom0_usart.o
 .debug_frame   0x000001b4       0x60 build/default/production/_ext/829342769/plib_pm.o
 .debug_frame   0x00000214       0x20 build/default/production/_ext/1171490990/interrupts.o
 .debug_frame   0x00000234       0x28 build/default/production/_ext/1171490990/initialization.o
 .debug_frame   0x0000025c       0x3c build/default/production/_ext/1360937237/main.o
 .debug_frame   0x00000298       0x70 build/default/production/_ext/1171490990/exceptions.o
 .debug_frame   0x00000308       0xa0 build/default/production/_ext/1865521619/plib_port.o
 .debug_frame   0x000003a8       0x20 build/default/production/_ext/1984496892/plib_clock.o
 .debug_frame   0x000003c8       0x20 build/default/production/_ext/1865468468/plib_nvic.o
 .debug_frame   0x000003e8       0xc8 build/default/production/_ext/1827571544/plib_systick.o
 .debug_frame   0x000004b0       0x28 build/default/production/_ext/1171490990/startup_xc32.o
 .debug_frame   0x000004d8       0x2c c:/program files/microchip/xc32/v2.40/bin/bin/../../lib/gcc/pic32c/6.2.1/../../../../pic32c/lib/v8-m.base\libpic32c.a(data_init.o)
 .debug_frame   0x00000504       0x2c c:/program files/microchip/xc32/v2.40/bin/bin/../../lib/gcc/pic32c/6.2.1/../../../../pic32c/lib/v8-m.base\libc_nano.a(lib_a-init.o)

.stack          0x20000048      0x100
 .stack         0x20000048      0x100 stack

.bss%1          0x2000000c       0x1c
 .bss           0x2000000c       0x1c c:/program files/microchip/xc32/v2.40/bin/bin/../../lib/gcc/pic32c/6.2.1/v8-m.base/crtbegin.o

.eh_frame%z1    0x00000000        0x0
 .eh_frame      0x00000000        0x0 c:/program files/microchip/xc32/v2.40/bin/bin/../../lib/gcc/pic32c/6.2.1/v8-m.base/crtbegin.o

.text.CLOCK_Initialize%2
                0x00000114       0xa4
 .text.CLOCK_Initialize
                0x00000114       0xa4 build/default/production/_ext/1984496892/plib_clock.o
                0x00000114                CLOCK_Initialize

.text.__pic32c_data_initialization%3
                0x000001b8       0x88
 .text.__pic32c_data_initialization
                0x000001b8       0x88 c:/program files/microchip/xc32/v2.40/bin/bin/../../lib/gcc/pic32c/6.2.1/../../../../pic32c/lib/v8-m.base\libpic32c.a(data_init.o)
                0x000001b8                __pic32c_data_initialization

.text.Reset_Handler%4
                0x00000240       0x50
 .text.Reset_Handler
                0x00000240       0x50 build/default/production/_ext/1171490990/startup_xc32.o
                0x00000240                Reset_Handler

.text.__libc_init_array%5
                0x00000290       0x48
 .text.__libc_init_array
                0x00000290       0x48 c:/program files/microchip/xc32/v2.40/bin/bin/../../lib/gcc/pic32c/6.2.1/../../../../pic32c/lib/v8-m.base\libc_nano.a(lib_a-init.o)
                0x00000290                __libc_init_array

.text.main%6    0x000002d8       0x44
 .text.main     0x000002d8       0x44 build/default/production/_ext/1360937237/main.o
                0x000002d8                main

.text%7         0x0000031c       0x40
 .text          0x0000031c       0x40 c:/program files/microchip/xc32/v2.40/bin/bin/../../lib/gcc/pic32c/6.2.1/v8-m.base/crtbegin.o

.text.SERCOM0_USART_Initialize%8
                0x0000035c       0x38
 .text.SERCOM0_USART_Initialize
                0x0000035c       0x38 build/default/production/_ext/504274921/plib_sercom0_usart.o
                0x0000035c                SERCOM0_USART_Initialize

.text%9         0x00000394       0x32
 .text          0x00000394       0x32 c:/program files/microchip/xc32/v2.40/bin/bin/../../lib/gcc/pic32c/6.2.1/v8-m.base\libgcc.a(cmse_nonsecure_call.o)
                0x00000394                __gnu_cmse_nonsecure_call

.text.SYS_Initialize%10
                0x000003c8       0x30
 .text.SYS_Initialize
                0x000003c8       0x30 build/default/production/_ext/1171490990/initialization.o
                0x000003c8                SYS_Initialize

.text.PM_Initialize%11
                0x000003f8       0x24
 .text.PM_Initialize
                0x000003f8       0x24 build/default/production/_ext/829342769/plib_pm.o
                0x000003f8                PM_Initialize

.text.PORT_Initialize%12
                0x0000041c       0x24
 .text.PORT_Initialize
                0x0000041c       0x24 build/default/production/_ext/1865521619/plib_port.o
                0x0000041c                PORT_Initialize

.text.SYSTICK_TimerInitialize%13
                0x00000440       0x24
 .text.SYSTICK_TimerInitialize
                0x00000440       0x24 build/default/production/_ext/1827571544/plib_systick.o
                0x00000440                SYSTICK_TimerInitialize

.dinit%14       0x00000464       0x20
 .dinit         0x00000464       0x20 data_init

.text.SysTick_Handler%15
                0x00000484       0x1c
 .text.SysTick_Handler
                0x00000484       0x1c build/default/production/_ext/1827571544/plib_systick.o
                0x00000484                SysTick_Handler

.text.secure_add%16
                0x000004a0       0x1a
 .text.secure_add
                0x000004a0       0x1a build/default/production/_ext/1903470166/veneer.o
                0x000004a0                __acle_se_secure_add

.text.SYSTICK_TimerStart%17
                0x000004bc       0x14
 .text.SYSTICK_TimerStart
                0x000004bc       0x14 build/default/production/_ext/1827571544/plib_systick.o
                0x000004bc                SYSTICK_TimerStart

.text.NVMCTRL_Initialize%18
                0x000004d0       0x10
 .text.NVMCTRL_Initialize
                0x000004d0       0x10 build/default/production/_ext/1593096446/plib_nvmctrl.o
                0x000004d0                NVMCTRL_Initialize

.text.SystemTick_Callback%19
                0x000004e0        0xc
 .text.SystemTick_Callback
                0x000004e0        0xc build/default/production/_ext/1360937237/main.o
                0x000004e0                SystemTick_Callback

.text.SYSTICK_TimerCallbackSet%20
                0x000004ec        0xc
 .text.SYSTICK_TimerCallbackSet
                0x000004ec        0xc build/default/production/_ext/1827571544/plib_systick.o
                0x000004ec                SYSTICK_TimerCallbackSet

.text.NVIC_Initialize%21
                0x000004f8        0x8
 .text.NVIC_Initialize
                0x000004f8        0x8 build/default/production/_ext/1865468468/plib_nvic.o
                0x000004f8                NVIC_Initialize

.text.add%22    0x00000500        0x4
 .text.add      0x00000500        0x4 build/default/production/_ext/1903470166/secure.o
                0x00000500                add

.text.EVSYS_Initialize%23
                0x000003c6        0x2
 .text.EVSYS_Initialize
                0x000003c6        0x2 build/default/production/_ext/1986646378/plib_evsys.o
                0x000003c6                EVSYS_Initialize

.text.Dummy_Handler%24
                0x000004ba        0x2
 .text.Dummy_Handler
                0x000004ba        0x2 build/default/production/_ext/1171490990/interrupts.o
                0x000004ba                SVCall_Handler
                0x000004ba                SERCOM0_2_Handler
                0x000004ba                EVSYS_0_Handler
                0x000004ba                TRNG_Handler
                0x000004ba                ADC_RESRDY_Handler
                0x000004ba                TC2_Handler
                0x000004ba                AC_Handler
                0x000004ba                DMAC_OTHER_Handler
                0x000004ba                PendSV_Handler
                0x000004ba                EVSYS_3_Handler
                0x000004ba                SERCOM0_OTHER_Handler
                0x000004ba                SERCOM0_0_Handler
                0x000004ba                RTC_Handler
                0x000004ba                SERCOM1_OTHER_Handler
                0x000004ba                EVSYS_1_Handler
                0x000004ba                DMAC_0_Handler
                0x000004ba                WDT_Handler
                0x000004ba                TRAM_Handler
                0x000004ba                EVSYS_NSCHK_Handler
                0x000004ba                EIC_EXTINT_1_Handler
                0x000004ba                TC1_Handler
                0x000004ba                EIC_EXTINT_0_Handler
                0x000004ba                DAC_EMPTY_Handler
                0x000004ba                PAC_Handler
                0x000004ba                Dummy_Handler
                0x000004ba                DMAC_2_Handler
                0x000004ba                SERCOM0_1_Handler
                0x000004ba                DMAC_1_Handler
                0x000004ba                EIC_EXTINT_2_Handler
                0x000004ba                SERCOM1_1_Handler
                0x000004ba                NVMCTRL_Handler
                0x000004ba                PORT_Handler
                0x000004ba                SYSTEM_Handler
                0x000004ba                SERCOM1_0_Handler
                0x000004ba                SERCOM2_1_Handler
                0x000004ba                SERCOM1_2_Handler
                0x000004ba                SERCOM2_2_Handler
                0x000004ba                EIC_EXTINT_3_Handler
                0x000004ba                PTC_Handler
                0x000004ba                EVSYS_2_Handler
                0x000004ba                SERCOM2_OTHER_Handler
                0x000004ba                FREQM_Handler
                0x000004ba                DAC_UNDERRUN_A_Handler
                0x000004ba                TC0_Handler
                0x000004ba                EIC_OTHER_Handler
                0x000004ba                ADC_OTHER_Handler
                0x000004ba                DMAC_3_Handler
                0x000004ba                SERCOM2_0_Handler

.text.NonMaskableInt_Handler%25
                0x00000504        0x2
 .text.NonMaskableInt_Handler
                0x00000504        0x2 build/default/production/_ext/1171490990/exceptions.o
                0x00000504                NonMaskableInt_Handler

.text.HardFault_Handler%26
                0x00000506        0x2
 .text.HardFault_Handler
                0x00000506        0x2 build/default/production/_ext/1171490990/exceptions.o
                0x00000506                HardFault_Handler
