Archive member included to satisfy reference by file (symbol)

c:/program files/microchip/xc32/v2.40/bin/bin/../../lib/gcc/pic32c/6.2.1/../../../../pic32c/lib/v8-m.base\libpic32c.a(data_init.o)
                              build/default/production/_ext/1856675239/startup_xc32.o (__pic32c_data_initialization)
c:/program files/microchip/xc32/v2.40/bin/bin/../../lib/gcc/pic32c/6.2.1/../../../../pic32c/lib/v8-m.base\libc_nano.a(lib_a-init.o)
                              build/default/production/_ext/1856675239/startup_xc32.o (__libc_init_array)

Allocating common symbols
Common symbol       size              file

systick             0xc               build/default/production/_ext/798900173/plib_systick.o

Microchip PIC32 Memory-Usage Report

ROM Program-Memory Usage
section                    address  length [bytes]      (dec)  Description
-------                 ----------  -------------------------  -----------
.vectors                    0x8000           0xf4         244   
.text                       0x80f4           0x20          32  App's exec code 
.text.__pic32c_data_ini     0x8114           0x88         136   
.text.Reset_Handler         0x819c           0x50          80   
.text.__libc_init_array     0x81ec           0x48          72   
.text                       0x8234           0x40          64  App's exec code 
.text.SYSTICK_TimerInit     0x8274           0x24          36   
.dinit                      0x8298           0x20          32   
.text.SysTick_Handler       0x82b8           0x1c          28   
.text.main                  0x82d4            0xa          10   
.text.SYS_Initialize        0x82de            0x8           8   
.text.Dummy_Handler         0x82e6            0x2           2   
.text.NonMaskableInt_Ha     0x82e8            0x2           2   
.text.HardFault_Handler     0x82ea            0x2           2   
      Total ROM used  :       0x2ec         748  2.3% of 0x8000
        --------------------------------------------------------------------------
         Total Program Memory used  :       0x2ec         748  2.3% of 0x8000
        --------------------------------------------------------------------------


RAM Data-Memory Usage
section                    address  length [bytes]      (dec)  Description
-------                 ----------  -------------------------  -----------
.bss                    0x20002000            0xc          12  Uninitialized data 
.bss                    0x2000200c           0x1c          28  Uninitialized data 
         Total RAM used  :        0x28          40  0.5% of 0x2000
        --------------------------------------------------------------------------
            Total Data Memory used  :        0x28          40  0.5% of 0x2000
        --------------------------------------------------------------------------


Dynamic Data-Memory Reservation
section                    address  length [bytes]      (dec)  Description
-------                 ----------  -------------------------  -----------
heap                    0x20002030          0x200         512  Reserved for heap 
stack                   0x20002248         0x1db0        7600  Reserved for stack 

        --------------------------------------------------------------------------

Discarded input sections

 .text          0x00000000        0x0 c:/program files/microchip/xc32/v2.40/bin/bin/../../lib/gcc/pic32c/6.2.1/v8-m.base/crti.o
 .data          0x00000000        0x0 c:/program files/microchip/xc32/v2.40/bin/bin/../../lib/gcc/pic32c/6.2.1/v8-m.base/crti.o
 .bss           0x00000000        0x0 c:/program files/microchip/xc32/v2.40/bin/bin/../../lib/gcc/pic32c/6.2.1/v8-m.base/crti.o
 .data          0x00000000        0x4 c:/program files/microchip/xc32/v2.40/bin/bin/../../lib/gcc/pic32c/6.2.1/v8-m.base/crtbegin.o
 .text          0x00000000        0x0 build/default/production/_ext/1691900214/main.o
 .data          0x00000000        0x0 build/default/production/_ext/1691900214/main.o
 .bss           0x00000000        0x0 build/default/production/_ext/1691900214/main.o
 .text          0x00000000        0x0 build/default/production/_ext/1856675239/initialization.o
 .data          0x00000000        0x0 build/default/production/_ext/1856675239/initialization.o
 .bss           0x00000000        0x0 build/default/production/_ext/1856675239/initialization.o
 .text          0x00000000        0x0 build/default/production/_ext/1856675239/interrupts.o
 .data          0x00000000        0x0 build/default/production/_ext/1856675239/interrupts.o
 .bss           0x00000000        0x0 build/default/production/_ext/1856675239/interrupts.o
 .text          0x00000000        0x0 build/default/production/_ext/1856675239/exceptions.o
 .data          0x00000000        0x0 build/default/production/_ext/1856675239/exceptions.o
 .bss           0x00000000        0x0 build/default/production/_ext/1856675239/exceptions.o
 .text.DebugMonitor_Handler
                0x00000000        0x2 build/default/production/_ext/1856675239/exceptions.o
 .text.MemoryManagement_Handler
                0x00000000        0x2 build/default/production/_ext/1856675239/exceptions.o
 .text.BusFault_Handler
                0x00000000        0x2 build/default/production/_ext/1856675239/exceptions.o
 .text.UsageFault_Handler
                0x00000000        0x2 build/default/production/_ext/1856675239/exceptions.o
 .text          0x00000000        0x0 build/default/production/_ext/1527582547/xc32_monitor.o
 .data          0x00000000        0x0 build/default/production/_ext/1527582547/xc32_monitor.o
 .bss           0x00000000        0x0 build/default/production/_ext/1527582547/xc32_monitor.o
 .text._mon_getc
                0x00000000        0x4 build/default/production/_ext/1527582547/xc32_monitor.o
 .text._mon_putc
                0x00000000        0x2 build/default/production/_ext/1527582547/xc32_monitor.o
 .debug_info    0x00000000      0x2c2 build/default/production/_ext/1527582547/xc32_monitor.o
 .debug_abbrev  0x00000000       0x75 build/default/production/_ext/1527582547/xc32_monitor.o
 .debug_loc     0x00000000       0x21 build/default/production/_ext/1527582547/xc32_monitor.o
 .debug_aranges
                0x00000000       0x28 build/default/production/_ext/1527582547/xc32_monitor.o
 .debug_ranges  0x00000000       0x18 build/default/production/_ext/1527582547/xc32_monitor.o
 .debug_line    0x00000000       0x84 build/default/production/_ext/1527582547/xc32_monitor.o
 .debug_str     0x00000000        0x0 build/default/production/_ext/1527582547/xc32_monitor.o
 .comment       0x00000000       0x3d build/default/production/_ext/1527582547/xc32_monitor.o
 .debug_frame   0x00000000       0x30 build/default/production/_ext/1527582547/xc32_monitor.o
 .ARM.attributes
                0x00000000       0x32 build/default/production/_ext/1527582547/xc32_monitor.o
 .text          0x00000000        0x0 build/default/production/_ext/2002304382/plib_port.o
 .data          0x00000000        0x0 build/default/production/_ext/2002304382/plib_port.o
 .bss           0x00000000        0x0 build/default/production/_ext/2002304382/plib_port.o
 .text.PORT_GroupRead
                0x00000000        0x4 build/default/production/_ext/2002304382/plib_port.o
 .text.PORT_GroupWrite
                0x00000000        0xc build/default/production/_ext/2002304382/plib_port.o
 .text.PORT_GroupLatchRead
                0x00000000        0x4 build/default/production/_ext/2002304382/plib_port.o
 .text.PORT_GroupSet
                0x00000000        0x4 build/default/production/_ext/2002304382/plib_port.o
 .text.PORT_GroupClear
                0x00000000        0x4 build/default/production/_ext/2002304382/plib_port.o
 .text.PORT_GroupToggle
                0x00000000        0x4 build/default/production/_ext/2002304382/plib_port.o
 .text.PORT_GroupInputEnable
                0x00000000        0x4 build/default/production/_ext/2002304382/plib_port.o
 .text.PORT_GroupOutputEnable
                0x00000000        0x4 build/default/production/_ext/2002304382/plib_port.o
 .debug_info    0x00000000      0x7eb build/default/production/_ext/2002304382/plib_port.o
 .debug_abbrev  0x00000000      0x10c build/default/production/_ext/2002304382/plib_port.o
 .debug_loc     0x00000000       0x84 build/default/production/_ext/2002304382/plib_port.o
 .debug_aranges
                0x00000000       0x58 build/default/production/_ext/2002304382/plib_port.o
 .debug_ranges  0x00000000       0x48 build/default/production/_ext/2002304382/plib_port.o
 .debug_line    0x00000000      0x1d3 build/default/production/_ext/2002304382/plib_port.o
 .debug_str     0x00000000        0xb build/default/production/_ext/2002304382/plib_port.o
 .comment       0x00000000       0x3d build/default/production/_ext/2002304382/plib_port.o
 .debug_frame   0x00000000       0x90 build/default/production/_ext/2002304382/plib_port.o
 .ARM.attributes
                0x00000000       0x32 build/default/production/_ext/2002304382/plib_port.o
 .text          0x00000000        0x0 build/default/production/_ext/798900173/plib_systick.o
 .data          0x00000000        0x0 build/default/production/_ext/798900173/plib_systick.o
 .bss           0x00000000        0x0 build/default/production/_ext/798900173/plib_systick.o
 .text.SYSTICK_TimerRestart
                0x00000000       0x1c build/default/production/_ext/798900173/plib_systick.o
 .text.SYSTICK_TimerStart
                0x00000000       0x14 build/default/production/_ext/798900173/plib_systick.o
 .text.SYSTICK_TimerStop
                0x00000000       0x10 build/default/production/_ext/798900173/plib_systick.o
 .text.SYSTICK_TimerPeriodSet
                0x00000000        0xc build/default/production/_ext/798900173/plib_systick.o
 .text.SYSTICK_TimerPeriodGet
                0x00000000        0xc build/default/production/_ext/798900173/plib_systick.o
 .text.SYSTICK_TimerCounterGet
                0x00000000        0xc build/default/production/_ext/798900173/plib_systick.o
 .text.SYSTICK_TimerFrequencyGet
                0x00000000        0x8 build/default/production/_ext/798900173/plib_systick.o
 .text.SYSTICK_DelayMs
                0x00000000       0x30 build/default/production/_ext/798900173/plib_systick.o
 .text.SYSTICK_TimerCallbackSet
                0x00000000        0xc build/default/production/_ext/798900173/plib_systick.o
 .text          0x00000000        0x0 build/default/production/_ext/1856675239/startup_xc32.o
 .data          0x00000000        0x0 build/default/production/_ext/1856675239/startup_xc32.o
 .bss           0x00000000        0x0 build/default/production/_ext/1856675239/startup_xc32.o
 .text          0x00000000        0x0 build/default/production/_ext/1856675239/libc_syscalls.o
 .data          0x00000000        0x0 build/default/production/_ext/1856675239/libc_syscalls.o
 .bss           0x00000000        0x0 build/default/production/_ext/1856675239/libc_syscalls.o
 .text._exit    0x00000000        0x2 build/default/production/_ext/1856675239/libc_syscalls.o
 .debug_info    0x00000000      0xe9f build/default/production/_ext/1856675239/libc_syscalls.o
 .debug_abbrev  0x00000000      0x1a1 build/default/production/_ext/1856675239/libc_syscalls.o
 .debug_aranges
                0x00000000       0x20 build/default/production/_ext/1856675239/libc_syscalls.o
 .debug_ranges  0x00000000       0x10 build/default/production/_ext/1856675239/libc_syscalls.o
 .debug_line    0x00000000      0x156 build/default/production/_ext/1856675239/libc_syscalls.o
 .debug_str     0x00000000        0xe build/default/production/_ext/1856675239/libc_syscalls.o
 .comment       0x00000000       0x3d build/default/production/_ext/1856675239/libc_syscalls.o
 .debug_frame   0x00000000       0x20 build/default/production/_ext/1856675239/libc_syscalls.o
 .ARM.attributes
                0x00000000       0x32 build/default/production/_ext/1856675239/libc_syscalls.o
 .text          0x00000000        0x0 c:/program files/microchip/xc32/v2.40/bin/bin/../../lib/gcc/pic32c/6.2.1/../../../../pic32c/lib/v8-m.base\libpic32c.a(data_init.o)
 .data          0x00000000        0x0 c:/program files/microchip/xc32/v2.40/bin/bin/../../lib/gcc/pic32c/6.2.1/../../../../pic32c/lib/v8-m.base\libpic32c.a(data_init.o)
 .bss           0x00000000        0x0 c:/program files/microchip/xc32/v2.40/bin/bin/../../lib/gcc/pic32c/6.2.1/../../../../pic32c/lib/v8-m.base\libpic32c.a(data_init.o)
 .text          0x00000000        0x0 c:/program files/microchip/xc32/v2.40/bin/bin/../../lib/gcc/pic32c/6.2.1/../../../../pic32c/lib/v8-m.base\libc_nano.a(lib_a-init.o)
 .data          0x00000000        0x0 c:/program files/microchip/xc32/v2.40/bin/bin/../../lib/gcc/pic32c/6.2.1/../../../../pic32c/lib/v8-m.base\libc_nano.a(lib_a-init.o)
 .bss           0x00000000        0x0 c:/program files/microchip/xc32/v2.40/bin/bin/../../lib/gcc/pic32c/6.2.1/../../../../pic32c/lib/v8-m.base\libc_nano.a(lib_a-init.o)
 .text          0x00000000        0x0 c:/program files/microchip/xc32/v2.40/bin/bin/../../lib/gcc/pic32c/6.2.1/v8-m.base/crtend.o
 .data          0x00000000        0x0 c:/program files/microchip/xc32/v2.40/bin/bin/../../lib/gcc/pic32c/6.2.1/v8-m.base/crtend.o
 .bss           0x00000000        0x0 c:/program files/microchip/xc32/v2.40/bin/bin/../../lib/gcc/pic32c/6.2.1/v8-m.base/crtend.o
 .eh_frame      0x00000000        0x4 c:/program files/microchip/xc32/v2.40/bin/bin/../../lib/gcc/pic32c/6.2.1/v8-m.base/crtend.o
 .comment       0x00000000       0x3d c:/program files/microchip/xc32/v2.40/bin/bin/../../lib/gcc/pic32c/6.2.1/v8-m.base/crtend.o
 .ARM.attributes
                0x00000000       0x30 c:/program files/microchip/xc32/v2.40/bin/bin/../../lib/gcc/pic32c/6.2.1/v8-m.base/crtend.o
 .text          0x00000000        0x0 c:/program files/microchip/xc32/v2.40/bin/bin/../../lib/gcc/pic32c/6.2.1/v8-m.base/crtn.o
 .data          0x00000000        0x0 c:/program files/microchip/xc32/v2.40/bin/bin/../../lib/gcc/pic32c/6.2.1/v8-m.base/crtn.o
 .bss           0x00000000        0x0 c:/program files/microchip/xc32/v2.40/bin/bin/../../lib/gcc/pic32c/6.2.1/v8-m.base/crtn.o

Memory Configuration

Name             Origin             Length             Attributes
rom              0x00008000         0x00008000         xrl
ram              0x20002000         0x00002000         xw !r
config_00804000  0x00804000         0x00000004
config_00804004  0x00804004         0x00000004
config_00804008  0x00804008         0x00000004
config_0080400C  0x0080400c         0x00000004
config_00804010  0x00804010         0x00000004
config_00804014  0x00804014         0x00000004
config_00804018  0x00804018         0x00000004
config_0080401C  0x0080401c         0x00000004
config_0080C000  0x0080c000         0x00000004
config_0080C004  0x0080c004         0x00000004
config_0080C008  0x0080c008         0x00000004
config_0080C010  0x0080c010         0x00000004
config_0080C014  0x0080c014         0x00000004
config_0080C018  0x0080c018         0x00000004
config_0080C01C  0x0080c01c         0x00000004
config_0080C020  0x0080c020         0x00000004
config_0080C024  0x0080c024         0x00000004
config_0080C028  0x0080c028         0x00000004
config_0080C02C  0x0080c02c         0x00000004
config_0080C030  0x0080c030         0x00000004
config_0080C034  0x0080c034         0x00000004
config_0080C038  0x0080c038         0x00000004
config_0080C03C  0x0080c03c         0x00000004
config_0080C040  0x0080c040         0x00000004
config_0080C044  0x0080c044         0x00000004
config_0080C048  0x0080c048         0x00000004
config_0080C04C  0x0080c04c         0x00000004
config_0080C050  0x0080c050         0x00000004
config_0080C054  0x0080c054         0x00000004
config_0080C058  0x0080c058         0x00000004
config_0080C05C  0x0080c05c         0x00000004
config_0080C060  0x0080c060         0x00000004
config_0080C064  0x0080c064         0x00000004
config_0080C068  0x0080c068         0x00000004
config_0080C06C  0x0080c06c         0x00000004
config_0080C0E0  0x0080c0e0         0x00000004
config_0080C0E4  0x0080c0e4         0x00000004
config_0080C0E8  0x0080c0e8         0x00000004
config_0080C0EC  0x0080c0ec         0x00000004
config_0080C0F0  0x0080c0f0         0x00000004
config_0080C0F4  0x0080c0f4         0x00000004
config_0080C0F8  0x0080c0f8         0x00000004
config_0080C0FC  0x0080c0fc         0x00000004
*default*        0x00000000         0xffffffff

Linker script and memory map

LOAD c:/program files/microchip/xc32/v2.40/bin/bin/../../lib/gcc/pic32c/6.2.1/v8-m.base/crti.o
LOAD c:/program files/microchip/xc32/v2.40/bin/bin/../../lib/gcc/pic32c/6.2.1/v8-m.base/crtbegin.o
LOAD build/default/production/_ext/1691900214/main.o
LOAD build/default/production/_ext/1856675239/initialization.o
LOAD build/default/production/_ext/1856675239/interrupts.o
LOAD build/default/production/_ext/1856675239/exceptions.o
LOAD build/default/production/_ext/1527582547/xc32_monitor.o
LOAD build/default/production/_ext/2002304382/plib_port.o
LOAD build/default/production/_ext/798900173/plib_systick.o
LOAD build/default/production/_ext/1856675239/startup_xc32.o
LOAD build/default/production/_ext/1856675239/libc_syscalls.o
                0x00000001                __MPLAB_BUILD = 0x1
                0x00000200                _min_heap_size = 0x200
LOAD ../../../Secure/firmware/printf_secure_Secure.X/printf_secure_Secure_sg_veneer.lib
START GROUP
LOAD c:/program files/microchip/xc32/v2.40/bin/bin/../../lib/gcc/pic32c/6.2.1/../../../../pic32c/lib/v8-m.base\libpic32c.a
LOAD c:/program files/microchip/xc32/v2.40/bin/bin/../../lib/gcc/pic32c/6.2.1/v8-m.base\libgcc.a
LOAD c:/program files/microchip/xc32/v2.40/bin/bin/../../lib/gcc/pic32c/6.2.1/../../../../pic32c/lib/v8-m.base\libm_nano.a
LOAD c:/program files/microchip/xc32/v2.40/bin/bin/../../lib/gcc/pic32c/6.2.1/../../../../pic32c/lib/v8-m.base\libc_nano.a
END GROUP
LOAD c:/program files/microchip/xc32/v2.40/bin/bin/../../lib/gcc/pic32c/6.2.1/v8-m.base/crtend.o
LOAD c:/program files/microchip/xc32/v2.40/bin/bin/../../lib/gcc/pic32c/6.2.1/v8-m.base/crtn.o
                0x00010000                __rom_end = (ORIGIN (rom) + LENGTH (rom))
                0x20004000                __ram_end = (ORIGIN (ram) + LENGTH (ram))

.config_00804000
 *(.config_00804000)

.config_00804004
 *(.config_00804004)

.config_00804008
 *(.config_00804008)

.config_0080400C
 *(.config_0080400C)

.config_00804010
 *(.config_00804010)

.config_00804014
 *(.config_00804014)

.config_00804018
 *(.config_00804018)

.config_0080401C
 *(.config_0080401C)

.config_0080C000
 *(.config_0080C000)

.config_0080C004
 *(.config_0080C004)

.config_0080C008
 *(.config_0080C008)

.config_0080C010
 *(.config_0080C010)

.config_0080C014
 *(.config_0080C014)

.config_0080C018
 *(.config_0080C018)

.config_0080C01C
 *(.config_0080C01C)

.config_0080C020
 *(.config_0080C020)

.config_0080C024
 *(.config_0080C024)

.config_0080C028
 *(.config_0080C028)

.config_0080C02C
 *(.config_0080C02C)

.config_0080C030
 *(.config_0080C030)

.config_0080C034
 *(.config_0080C034)

.config_0080C038
 *(.config_0080C038)

.config_0080C03C
 *(.config_0080C03C)

.config_0080C040
 *(.config_0080C040)

.config_0080C044
 *(.config_0080C044)

.config_0080C048
 *(.config_0080C048)

.config_0080C04C
 *(.config_0080C04C)

.config_0080C050
 *(.config_0080C050)

.config_0080C054
 *(.config_0080C054)

.config_0080C058
 *(.config_0080C058)

.config_0080C05C
 *(.config_0080C05C)

.config_0080C060
 *(.config_0080C060)

.config_0080C064
 *(.config_0080C064)

.config_0080C068
 *(.config_0080C068)

.config_0080C06C
 *(.config_0080C06C)

.config_0080C0E0
 *(.config_0080C0E0)

.config_0080C0E4
 *(.config_0080C0E4)

.config_0080C0E8
 *(.config_0080C0E8)

.config_0080C0EC
 *(.config_0080C0EC)

.config_0080C0F0
 *(.config_0080C0F0)

.config_0080C0F4
 *(.config_0080C0F4)

.config_0080C0F8
 *(.config_0080C0F8)

.config_0080C0FC
 *(.config_0080C0FC)

.vectors        0x00008000       0xf4
                0x00008000                . = ALIGN (0x4)
                0x00008000                _sfixed = .
 *(.vectors .vectors.* .vectors_default .vectors_default.*)
 .vectors       0x00008000       0xf4 build/default/production/_ext/1856675239/interrupts.o
                0x00008000                exception_table
 *(.isr_vector)
 *(.reset*)
 *(.after_vectors)

.text           0x000080f4       0x20
                0x000080f4                . = ALIGN (0x4)
 *(.glue_7t)
 .glue_7t       0x000080f4        0x0 linker stubs
 *(.glue_7)
 .glue_7        0x000080f4        0x0 linker stubs
 *(.gnu.linkonce.r.*)
 *(.ARM.extab* .gnu.linkonce.armextab.*)
                0x000080f4                . = ALIGN (0x4)
 *(.init)
 .init          0x000080f4        0x4 c:/program files/microchip/xc32/v2.40/bin/bin/../../lib/gcc/pic32c/6.2.1/v8-m.base/crti.o
                0x000080f4                _init
 .init          0x000080f8        0x8 c:/program files/microchip/xc32/v2.40/bin/bin/../../lib/gcc/pic32c/6.2.1/v8-m.base/crtn.o
                0x00008100                . = ALIGN (0x4)
                0x00008100                __preinit_array_start = .
 *(.preinit_array)
                0x00008100                __preinit_array_end = .
                0x00008100                . = ALIGN (0x4)
                0x00008100                __init_array_start = .
 *(SORT(.init_array.*))
 *(.init_array)
 .init_array    0x00008100        0x4 c:/program files/microchip/xc32/v2.40/bin/bin/../../lib/gcc/pic32c/6.2.1/v8-m.base/crtbegin.o
                0x00008104                __init_array_end = .
                0x00008104                . = ALIGN (0x4)
 *crtbegin.o(.ctors)
 *(EXCLUDE_FILE(*crtend.o) .ctors)
 *(SORT(.ctors.*))
 *crtend.o(.ctors)
                0x00008104                . = ALIGN (0x4)
 *(.fini)
 .fini          0x00008104        0x4 c:/program files/microchip/xc32/v2.40/bin/bin/../../lib/gcc/pic32c/6.2.1/v8-m.base/crti.o
                0x00008104                _fini
 .fini          0x00008108        0x8 c:/program files/microchip/xc32/v2.40/bin/bin/../../lib/gcc/pic32c/6.2.1/v8-m.base/crtn.o
                0x00008110                . = ALIGN (0x4)
                0x00008110                __fini_array_start = .
 *(.fini_array)
 .fini_array    0x00008110        0x4 c:/program files/microchip/xc32/v2.40/bin/bin/../../lib/gcc/pic32c/6.2.1/v8-m.base/crtbegin.o
 *(SORT(.fini_array.*))
                0x00008114                __fini_array_end = .
 *crtbegin.o(.dtors)
 *(EXCLUDE_FILE(*crtend.o) .dtors)
 *(SORT(.dtors.*))
 *crtend.o(.dtors)
                0x00008114                . = ALIGN (0x4)
                0x00008114                _efixed = .
                [!provide]                PROVIDE (__exidx_start, .)

.ARM.exidx
 *(.ARM.exidx* .gnu.linkonce.armexidx.*)
                [!provide]                PROVIDE (__exidx_end, .)
                0x00008114                . = ALIGN (0x4)
                0x00008114                _etext = .

.bss            0x20002000        0xc
                0x20002000                . = ALIGN (0x4)
                0x20002000                __bss_start__ = .
                0x20002000                _sbss = .
                0x20002000                _szero = .
 *(COMMON)
 COMMON         0x20002000        0xc build/default/production/_ext/798900173/plib_systick.o
                0x20002000                systick
                0x2000200c                . = ALIGN (0x4)
                0x2000200c                __bss_end__ = .
                0x2000200c                _ebss = .
                0x2000200c                _ezero = .
                0x2000200c                . = ALIGN (0x4)
                0x2000200c                _end = .
                0x20003fff                _ram_end_ = ((ORIGIN (ram) + LENGTH (ram)) - 0x1)
OUTPUT(dist/default/production/printf_secure_NonSecure.X.production.elf elf32-littlearm)
LOAD stack
LOAD data_init

.ARM.attributes
                0x00000000       0x2e
 .ARM.attributes
                0x00000000       0x22 c:/program files/microchip/xc32/v2.40/bin/bin/../../lib/gcc/pic32c/6.2.1/v8-m.base/crti.o
 .ARM.attributes
                0x00000022       0x30 c:/program files/microchip/xc32/v2.40/bin/bin/../../lib/gcc/pic32c/6.2.1/v8-m.base/crtbegin.o
 .ARM.attributes
                0x00000052       0x32 build/default/production/_ext/1691900214/main.o
 .ARM.attributes
                0x00000084       0x32 build/default/production/_ext/1856675239/initialization.o
 .ARM.attributes
                0x000000b6       0x32 build/default/production/_ext/1856675239/interrupts.o
 .ARM.attributes
                0x000000e8       0x32 build/default/production/_ext/1856675239/exceptions.o
 .ARM.attributes
                0x0000011a       0x32 build/default/production/_ext/798900173/plib_systick.o
 .ARM.attributes
                0x0000014c       0x32 build/default/production/_ext/1856675239/startup_xc32.o
 .ARM.attributes
                0x0000017e       0x30 c:/program files/microchip/xc32/v2.40/bin/bin/../../lib/gcc/pic32c/6.2.1/../../../../pic32c/lib/v8-m.base\libpic32c.a(data_init.o)
 .ARM.attributes
                0x000001ae       0x30 c:/program files/microchip/xc32/v2.40/bin/bin/../../lib/gcc/pic32c/6.2.1/../../../../pic32c/lib/v8-m.base\libc_nano.a(lib_a-init.o)
 .ARM.attributes
                0x000001de       0x22 c:/program files/microchip/xc32/v2.40/bin/bin/../../lib/gcc/pic32c/6.2.1/v8-m.base/crtn.o

.comment        0x00000000       0x3c
 .comment       0x00000000       0x3c c:/program files/microchip/xc32/v2.40/bin/bin/../../lib/gcc/pic32c/6.2.1/v8-m.base/crtbegin.o
                                 0x3d (size before relaxing)
 .comment       0x0000003c       0x3d build/default/production/_ext/1691900214/main.o
 .comment       0x0000003c       0x3d build/default/production/_ext/1856675239/initialization.o
 .comment       0x0000003c       0x3d build/default/production/_ext/1856675239/interrupts.o
 .comment       0x0000003c       0x3d build/default/production/_ext/1856675239/exceptions.o
 .comment       0x0000003c       0x3d build/default/production/_ext/798900173/plib_systick.o
 .comment       0x0000003c       0x3d build/default/production/_ext/1856675239/startup_xc32.o
 .comment       0x0000003c       0x3d c:/program files/microchip/xc32/v2.40/bin/bin/../../lib/gcc/pic32c/6.2.1/../../../../pic32c/lib/v8-m.base\libpic32c.a(data_init.o)
 .comment       0x0000003c       0x3d c:/program files/microchip/xc32/v2.40/bin/bin/../../lib/gcc/pic32c/6.2.1/../../../../pic32c/lib/v8-m.base\libc_nano.a(lib_a-init.o)

.debug_info     0x00000000     0x31bd
 .debug_info    0x00000000      0xe66 build/default/production/_ext/1691900214/main.o
 .debug_info    0x00000e66      0x363 build/default/production/_ext/1856675239/initialization.o
 .debug_info    0x000011c9      0xa9f build/default/production/_ext/1856675239/interrupts.o
 .debug_info    0x00001c68      0x3f2 build/default/production/_ext/1856675239/exceptions.o
 .debug_info    0x0000205a      0x694 build/default/production/_ext/798900173/plib_systick.o
 .debug_info    0x000026ee      0x4ec build/default/production/_ext/1856675239/startup_xc32.o
 .debug_info    0x00002bda      0x238 c:/program files/microchip/xc32/v2.40/bin/bin/../../lib/gcc/pic32c/6.2.1/../../../../pic32c/lib/v8-m.base\libpic32c.a(data_init.o)
 .debug_info    0x00002e12      0x3ab c:/program files/microchip/xc32/v2.40/bin/bin/../../lib/gcc/pic32c/6.2.1/../../../../pic32c/lib/v8-m.base\libc_nano.a(lib_a-init.o)

.debug_abbrev   0x00000000      0x605
 .debug_abbrev  0x00000000      0x1bc build/default/production/_ext/1691900214/main.o
 .debug_abbrev  0x000001bc       0x6e build/default/production/_ext/1856675239/initialization.o
 .debug_abbrev  0x0000022a       0x94 build/default/production/_ext/1856675239/interrupts.o
 .debug_abbrev  0x000002be       0x39 build/default/production/_ext/1856675239/exceptions.o
 .debug_abbrev  0x000002f7      0x15a build/default/production/_ext/798900173/plib_systick.o
 .debug_abbrev  0x00000451       0xe7 build/default/production/_ext/1856675239/startup_xc32.o
 .debug_abbrev  0x00000538       0x2a c:/program files/microchip/xc32/v2.40/bin/bin/../../lib/gcc/pic32c/6.2.1/../../../../pic32c/lib/v8-m.base\libpic32c.a(data_init.o)
 .debug_abbrev  0x00000562       0xa3 c:/program files/microchip/xc32/v2.40/bin/bin/../../lib/gcc/pic32c/6.2.1/../../../../pic32c/lib/v8-m.base\libc_nano.a(lib_a-init.o)

.debug_loc      0x00000000      0x181
 .debug_loc     0x00000000       0x20 build/default/production/_ext/1691900214/main.o
 .debug_loc     0x00000020       0x41 build/default/production/_ext/1856675239/initialization.o
 .debug_loc     0x00000061       0x7a build/default/production/_ext/798900173/plib_systick.o
 .debug_loc     0x000000db       0x20 build/default/production/_ext/1856675239/startup_xc32.o
 .debug_loc     0x000000fb       0x14 c:/program files/microchip/xc32/v2.40/bin/bin/../../lib/gcc/pic32c/6.2.1/../../../../pic32c/lib/v8-m.base\libpic32c.a(data_init.o)
 .debug_loc     0x0000010f       0x72 c:/program files/microchip/xc32/v2.40/bin/bin/../../lib/gcc/pic32c/6.2.1/../../../../pic32c/lib/v8-m.base\libc_nano.a(lib_a-init.o)

.debug_aranges  0x00000000      0x178
 .debug_aranges
                0x00000000       0x20 build/default/production/_ext/1691900214/main.o
 .debug_aranges
                0x00000020       0x20 build/default/production/_ext/1856675239/initialization.o
 .debug_aranges
                0x00000040       0x20 build/default/production/_ext/1856675239/interrupts.o
 .debug_aranges
                0x00000060       0x48 build/default/production/_ext/1856675239/exceptions.o
 .debug_aranges
                0x000000a8       0x70 build/default/production/_ext/798900173/plib_systick.o
 .debug_aranges
                0x00000118       0x20 build/default/production/_ext/1856675239/startup_xc32.o
 .debug_aranges
                0x00000138       0x20 c:/program files/microchip/xc32/v2.40/bin/bin/../../lib/gcc/pic32c/6.2.1/../../../../pic32c/lib/v8-m.base\libpic32c.a(data_init.o)
 .debug_aranges
                0x00000158       0x20 c:/program files/microchip/xc32/v2.40/bin/bin/../../lib/gcc/pic32c/6.2.1/../../../../pic32c/lib/v8-m.base\libc_nano.a(lib_a-init.o)

.debug_ranges   0x00000000       0xf8
 .debug_ranges  0x00000000       0x10 build/default/production/_ext/1691900214/main.o
 .debug_ranges  0x00000010       0x10 build/default/production/_ext/1856675239/initialization.o
 .debug_ranges  0x00000020       0x10 build/default/production/_ext/1856675239/interrupts.o
 .debug_ranges  0x00000030       0x38 build/default/production/_ext/1856675239/exceptions.o
 .debug_ranges  0x00000068       0x60 build/default/production/_ext/798900173/plib_systick.o
 .debug_ranges  0x000000c8       0x10 build/default/production/_ext/1856675239/startup_xc32.o
 .debug_ranges  0x000000d8       0x10 c:/program files/microchip/xc32/v2.40/bin/bin/../../lib/gcc/pic32c/6.2.1/../../../../pic32c/lib/v8-m.base\libpic32c.a(data_init.o)
 .debug_ranges  0x000000e8       0x10 c:/program files/microchip/xc32/v2.40/bin/bin/../../lib/gcc/pic32c/6.2.1/../../../../pic32c/lib/v8-m.base\libc_nano.a(lib_a-init.o)

.debug_line     0x00000000      0x9ef
 .debug_line    0x00000000      0x168 build/default/production/_ext/1691900214/main.o
 .debug_line    0x00000168       0xc6 build/default/production/_ext/1856675239/initialization.o
 .debug_line    0x0000022e      0x132 build/default/production/_ext/1856675239/interrupts.o
 .debug_line    0x00000360       0xbb build/default/production/_ext/1856675239/exceptions.o
 .debug_line    0x0000041b      0x24f build/default/production/_ext/798900173/plib_systick.o
 .debug_line    0x0000066a      0x18a build/default/production/_ext/1856675239/startup_xc32.o
 .debug_line    0x000007f4       0xe3 c:/program files/microchip/xc32/v2.40/bin/bin/../../lib/gcc/pic32c/6.2.1/../../../../pic32c/lib/v8-m.base\libpic32c.a(data_init.o)
 .debug_line    0x000008d7      0x118 c:/program files/microchip/xc32/v2.40/bin/bin/../../lib/gcc/pic32c/6.2.1/../../../../pic32c/lib/v8-m.base\libc_nano.a(lib_a-init.o)

.debug_str      0x00000000       0xa9
 .debug_str     0x00000000       0x1d build/default/production/_ext/1691900214/main.o
 .debug_str     0x0000001d       0x18 build/default/production/_ext/1856675239/initialization.o
 .debug_str     0x00000035        0x0 build/default/production/_ext/1856675239/interrupts.o
 .debug_str     0x00000035        0x0 build/default/production/_ext/1856675239/exceptions.o
 .debug_str     0x00000035        0x9 build/default/production/_ext/798900173/plib_systick.o
 .debug_str     0x0000003e       0x6b build/default/production/_ext/1856675239/startup_xc32.o
 .debug_str     0x000000a9        0x0 c:/program files/microchip/xc32/v2.40/bin/bin/../../lib/gcc/pic32c/6.2.1/../../../../pic32c/lib/v8-m.base\libpic32c.a(data_init.o)
 .debug_str     0x000000a9        0x0 c:/program files/microchip/xc32/v2.40/bin/bin/../../lib/gcc/pic32c/6.2.1/../../../../pic32c/lib/v8-m.base\libc_nano.a(lib_a-init.o)

.debug_frame    0x00000000      0x228
 .debug_frame   0x00000000       0x28 build/default/production/_ext/1691900214/main.o
 .debug_frame   0x00000028       0x28 build/default/production/_ext/1856675239/initialization.o
 .debug_frame   0x00000050       0x20 build/default/production/_ext/1856675239/interrupts.o
 .debug_frame   0x00000070       0x70 build/default/production/_ext/1856675239/exceptions.o
 .debug_frame   0x000000e0       0xc8 build/default/production/_ext/798900173/plib_systick.o
 .debug_frame   0x000001a8       0x28 build/default/production/_ext/1856675239/startup_xc32.o
 .debug_frame   0x000001d0       0x2c c:/program files/microchip/xc32/v2.40/bin/bin/../../lib/gcc/pic32c/6.2.1/../../../../pic32c/lib/v8-m.base\libpic32c.a(data_init.o)
 .debug_frame   0x000001fc       0x2c c:/program files/microchip/xc32/v2.40/bin/bin/../../lib/gcc/pic32c/6.2.1/../../../../pic32c/lib/v8-m.base\libc_nano.a(lib_a-init.o)

.stack          0x20002248      0x100
 .stack         0x20002248      0x100 stack

.bss%1          0x2000200c       0x1c
 .bss           0x2000200c       0x1c c:/program files/microchip/xc32/v2.40/bin/bin/../../lib/gcc/pic32c/6.2.1/v8-m.base/crtbegin.o

.eh_frame%z1    0x00000000        0x0
 .eh_frame      0x00000000        0x0 c:/program files/microchip/xc32/v2.40/bin/bin/../../lib/gcc/pic32c/6.2.1/v8-m.base/crtbegin.o

.text.__pic32c_data_initialization%2
                0x00008114       0x88
 .text.__pic32c_data_initialization
                0x00008114       0x88 c:/program files/microchip/xc32/v2.40/bin/bin/../../lib/gcc/pic32c/6.2.1/../../../../pic32c/lib/v8-m.base\libpic32c.a(data_init.o)
                0x00008114                __pic32c_data_initialization

.text.Reset_Handler%3
                0x0000819c       0x50
 .text.Reset_Handler
                0x0000819c       0x50 build/default/production/_ext/1856675239/startup_xc32.o
                0x0000819c                Reset_Handler

.text.__libc_init_array%4
                0x000081ec       0x48
 .text.__libc_init_array
                0x000081ec       0x48 c:/program files/microchip/xc32/v2.40/bin/bin/../../lib/gcc/pic32c/6.2.1/../../../../pic32c/lib/v8-m.base\libc_nano.a(lib_a-init.o)
                0x000081ec                __libc_init_array

.text%5         0x00008234       0x40
 .text          0x00008234       0x40 c:/program files/microchip/xc32/v2.40/bin/bin/../../lib/gcc/pic32c/6.2.1/v8-m.base/crtbegin.o

.text.SYSTICK_TimerInitialize%6
                0x00008274       0x24
 .text.SYSTICK_TimerInitialize
                0x00008274       0x24 build/default/production/_ext/798900173/plib_systick.o
                0x00008274                SYSTICK_TimerInitialize

.dinit%7        0x00008298       0x20
 .dinit         0x00008298       0x20 data_init

.text.SysTick_Handler%8
                0x000082b8       0x1c
 .text.SysTick_Handler
                0x000082b8       0x1c build/default/production/_ext/798900173/plib_systick.o
                0x000082b8                SysTick_Handler

.text.main%9    0x000082d4        0xa
 .text.main     0x000082d4        0xa build/default/production/_ext/1691900214/main.o
                0x000082d4                main

.text.SYS_Initialize%10
                0x000082de        0x8
 .text.SYS_Initialize
                0x000082de        0x8 build/default/production/_ext/1856675239/initialization.o
                0x000082de                SYS_Initialize

.text.Dummy_Handler%11
                0x000082e6        0x2
 .text.Dummy_Handler
                0x000082e6        0x2 build/default/production/_ext/1856675239/interrupts.o
                0x000082e6                PendSV_Handler
                0x000082e6                Dummy_Handler
                0x000082e6                SVCall_Handler

.text.NonMaskableInt_Handler%12
                0x000082e8        0x2
 .text.NonMaskableInt_Handler
                0x000082e8        0x2 build/default/production/_ext/1856675239/exceptions.o
                0x000082e8                NonMaskableInt_Handler

.text.HardFault_Handler%13
                0x000082ea        0x2
 .text.HardFault_Handler
                0x000082ea        0x2 build/default/production/_ext/1856675239/exceptions.o
                0x000082ea                HardFault_Handler
